###############################################################################
#
# IAR ELF Linker V3.11.1.207 for STM8                     28/Jul/2026  12:24:48
# Copyright 2010-2019 IAR Systems AB.
#
#    Output file  =  E:\STM8S_Pro\SuperBlockPro\IAR\Debug\Exe\TieMoJi.out
#    Map file     =  E:\STM8S_Pro\SuperBlockPro\IAR\Debug\List\TieMoJi.map
#    Command line =  
#        -f C:\Users\admin\AppData\Local\Temp\EW37E7.tmp
#        (E:\STM8S_Pro\SuperBlockPro\IAR\Debug\Obj\audio.o
#        E:\STM8S_Pro\SuperBlockPro\IAR\Debug\Obj\GlobalVar.o
#        E:\STM8S_Pro\SuperBlockPro\IAR\Debug\Obj\GPIO.o
#        E:\STM8S_Pro\SuperBlockPro\IAR\Debug\Obj\main.o
#        E:\STM8S_Pro\SuperBlockPro\IAR\Debug\Obj\SM16208.o
#        E:\STM8S_Pro\SuperBlockPro\IAR\Debug\Obj\stm8s_clk.o
#        E:\STM8S_Pro\SuperBlockPro\IAR\Debug\Obj\stm8s_exti.o
#        E:\STM8S_Pro\SuperBlockPro\IAR\Debug\Obj\stm8s_flash.o
#        E:\STM8S_Pro\SuperBlockPro\IAR\Debug\Obj\stm8s_gpio.o
#        E:\STM8S_Pro\SuperBlockPro\IAR\Debug\Obj\stm8s_it.o
#        E:\STM8S_Pro\SuperBlockPro\IAR\Debug\Obj\stm8s_tim1.o
#        E:\STM8S_Pro\SuperBlockPro\IAR\Debug\Obj\stm8s_tim2.o
#        E:\STM8S_Pro\SuperBlockPro\IAR\Debug\Obj\stm8s_tim4.o
#        E:\STM8S_Pro\SuperBlockPro\IAR\Debug\Obj\timer.o --redirect
#        _Printf=_PrintfSmall --redirect _Scanf=_ScanfSmall --no_out_extension
#        -o E:\STM8S_Pro\SuperBlockPro\IAR\Debug\Exe\TieMoJi.out --map
#        E:\STM8S_Pro\SuperBlockPro\IAR\Debug\List\TieMoJi.map --config
#        "C:\Program Files (x86)\IAR Systems\Embedded Workbench
#        8.3\stm8\config\lnkstm8s003f3.icf" --config_def _CSTACK_SIZE=0x100
#        --config_def _HEAP_SIZE=0x100 --entry __iar_program_start --debug_lib)
#
###############################################################################

*******************************************************************************
*** RUNTIME MODEL ATTRIBUTES
***

__SystemLibrary            = DLib
__code_model               = small
__core                     = stm8
__data_model               = medium
__dlib_file_descriptor     = 0
__dlib_full_locale_support = 0
__rt_version               = 4


*******************************************************************************
*** PLACEMENT SUMMARY
***

"A0":  place at start of [0x000000-0x0000ff] { rw section .vregs };
"A1":  place at end of [0x000000-0x0003ff] { block CSTACK };
"P2":  place in [from 0x000000 to 0x0003ff] {
          block HEAP, rw section __DLIB_PERTHREAD, rw section .far.bss,
          rw section .far.data, rw section .far.noinit,
          rw section .far_func.textrw, rw section .huge.bss,
          rw section .huge.data, rw section .huge.noinit,
          rw section .huge_func.textrw, rw section .iar.dynexit,
          rw section .near.bss, rw section .near.data, rw section .near.noinit,
          rw section .near_func.textrw };
"A2":  place at start of [0x008000-0x009fff] { block INTVEC };
"P3":  place in [from 0x008000 to 0x009fff] {
          ro section __DLIB_PERTHREAD_init, ro section .far.data_init,
          ro section .far_func.textrw_init, ro section .huge.data_init,
          ro section .huge_func.textrw_init, ro section .iar.init_table,
          ro section .init_array, ro section .near.data_init,
          ro section .near.rodata, ro section .near_func.text,
          ro section .near_func.textrw_init, ro section .tiny.data_init,
          ro section .tiny.rodata_init };
"P4":  place in [from 0x008000 to 0x009fff] {
          ro section .far.rodata, ro section .far_func.text };
"P5":  place in [from 0x008000 to 0x009fff] {
          ro section .huge.rodata, ro section .huge_func.text };
do not initialize {
   rw section .eeprom.noinit, rw section .far.noinit, rw section .huge.noinit,
   rw section .near.noinit, rw section .tiny.noinit, rw section .vregs };

No sections matched the following patterns:

  ro section .far.data_init          in "P3-P5"
  ro section .far.rodata             in "P3-P5"
  ro section .far_func.text          in "P3-P5"
  ro section .far_func.textrw_init   in "P3-P5"
  ro section .huge.data_init         in "P3-P5"
  ro section .huge.rodata            in "P3-P5"
  ro section .huge_func.text         in "P3-P5"
  ro section .huge_func.textrw_init  in "P3-P5"
  ro section .iar.init_table         in "P3-P5"
  ro section .init_array             in "P3-P5"
  ro section .near.data_init         in "P3-P5"
  ro section .near_func.textrw_init  in "P3-P5"
  ro section .tiny.data_init         in "P3-P5"
  ro section .tiny.rodata_init       in "P3-P5"
  ro section __DLIB_PERTHREAD_init   in "P3-P5"
  rw section .far.bss                in "P2"
  rw section .far.data               in "P2"
  rw section .far.noinit             in "P2"
  rw section .far_func.textrw        in "P2"
  rw section .huge.bss               in "P2"
  rw section .huge.data              in "P2"
  rw section .huge.noinit            in "P2"
  rw section .huge_func.textrw       in "P2"
  rw section .iar.dynexit            in "P2"
  rw section .near.data              in "P2"
  rw section .near.noinit            in "P2"
  rw section .near_func.textrw       in "P2"
  rw section .tiny.bss               in "P1"
  rw section .tiny.data              in "P1"
  rw section .tiny.noinit            in "P1"
  rw section .tiny.rodata            in "P1"
  rw section __DLIB_PERTHREAD        in "P2"
  section .eeprom.data               in "P6-P8"
  section .eeprom.noinit             in "P6-P8"
  section .eeprom.rodata             in "P6-P8"


  Section          Kind      Address    Size  Object
  -------          ----      -------    ----  ------
"A0":                                   0x10
  .vregs           uninit   0x000000    0x10  vregs.o [4]
                          - 0x000010    0x10

"P2":                                    0xf
  .near.bss        zero     0x000010     0x4  GlobalVar.o [1]
  .near.bss        zero     0x000014     0x2  audio.o [1]
  .near.bss        zero     0x000016     0x2  audio.o [1]
  .near.bss        zero     0x000018     0x2  GlobalVar.o [1]
  .near.bss        zero     0x00001a     0x1  audio.o [1]
  .near.bss        zero     0x00001b     0x1  audio.o [1]
  .near.bss        zero     0x00001c     0x1  audio.o [1]
  .near.bss        zero     0x00001d     0x1  GlobalVar.o [1]
  .near.bss        zero     0x00001e     0x1  stm8s_it.o [1]
                          - 0x00001f     0xf

"A1":                                  0x100
  CSTACK                    0x000300   0x100  <Block>
    CSTACK         uninit   0x000300   0x100  <Block tail>
                          - 0x000400   0x100

"A2":                                   0x80
  INTVEC                    0x008000    0x80  <Block>
    .intvec        const    0x008000    0x80  interrupt.o [4]
                          - 0x008080    0x80

"P3-P5":                              0x1c01
  .near.rodata     const    0x008080   0xb00  audio.o [1]
  .near_func.text  ro code  0x008b80   0x147  stm8s_tim1.o [1]
  .near_func.text  ro code  0x008cc7   0x147  stm8s_tim1.o [1]
  .near_func.text  ro code  0x008e0e   0x10e  stm8s_gpio.o [1]
  .near_func.text  ro code  0x008f1c    0xcb  vreg_util.o [4]
  .near_func.text  ro code  0x008fe7    0xba  audio.o [1]
  .near_func.text  ro code  0x0090a1    0xb9  SM16208.o [1]
  .near.rodata     const    0x00915a    0xb2  audio.o [1]
  .near_func.text  ro code  0x00920c    0x9c  stm8s_it.o [1]
  .near_func.text  ro code  0x0092a8    0x99  stm8s_tim1.o [1]
  .near_func.text  ro code  0x009341    0x8b  stm8s_clk.o [1]
  .near_func.text  ro code  0x0093cc    0x70  GPIO.o [1]
  .near_func.text  ro code  0x00943c    0x60  stm8s_tim1.o [1]
  .near_func.text  ro code  0x00949c    0x59  stm8s_tim2.o [1]
  .near_func.text  ro code  0x0094f5    0x58  stm8s_it.o [1]
  .near_func.text  ro code  0x00954d    0x52  stm8s_tim2.o [1]
  .near_func.text  ro code  0x00959f    0x51  stm8s_tim4.o [1]
  .near_func.text  ro code  0x0095f0    0x4f  long.o [4]
  .near_func.text  ro code  0x00963f    0x4e  stm8s_tim4.o [1]
  .near.rodata     const    0x00968d    0x44  stm8s_gpio.o [1]
  .near.rodata     const    0x0096d1    0x44  stm8s_tim2.o [1]
  .near.rodata     const    0x009715    0x44  stm8s_tim4.o [1]
  .near.rodata     const    0x009759    0x43  stm8s_clk.o [1]
  .near.rodata     const    0x00979c    0x43  stm8s_tim1.o [1]
  .near_func.text  ro code  0x0097df    0x3d  stm8s_clk.o [1]
  .near_func.text  ro code  0x00981c    0x36  stm8s_clk.o [1]
  .near_func.text  ro code  0x009852    0x30  main.o [1]
  .near_func.text  ro code  0x009882    0x2f  stm8s_clk.o [1]
  .near_func.text  ro code  0x0098b1    0x2f  stm8s_tim1.o [1]
  .near_func.text  ro code  0x0098e0    0x2f  stm8s_tim1.o [1]
  .near_func.text  ro code  0x00990f    0x2f  stm8s_tim1.o [1]
  .near_func.text  ro code  0x00993e    0x2f  stm8s_tim1.o [1]
  .near_func.text  ro code  0x00996d    0x2f  stm8s_tim1.o [1]
  .near_func.text  ro code  0x00999c    0x2f  stm8s_tim2.o [1]
  .near_func.text  ro code  0x0099cb    0x2f  stm8s_tim2.o [1]
  .near_func.text  ro code  0x0099fa    0x2f  stm8s_tim4.o [1]
  .near_func.text  ro code  0x009a29    0x2d  GPIO.o [1]
  .near_func.text  ro code  0x009a56    0x27  stm8s_tim2.o [1]
  .near_func.text  ro code  0x009a7d    0x26  long_util.o [4]
  .near_func.text  ro code  0x009aa3    0x25  stm8s_it.o [1]
  .near_func.text  ro code  0x009ac8    0x23  stm8s_tim4.o [1]
  .near_func.text  ro code  0x009aeb    0x23  stm8s_tim4.o [1]
  .iar.init_table  const    0x009b0e     0x8  - Linker created -
  .near_func.text  ro code  0x009b16    0x1f  audio.o [1]
  .near_func.text  ro code  0x009b35    0x1e  timer.o [1]
  .near_func.text  ro code  0x009b53    0x1e  init_small.o [4]
  .near_func.text  ro code  0x009b71    0x1b  timer.o [1]
  .near_func.text  ro code  0x009b8c    0x1b  timer.o [1]
  .near_func.text  ro code  0x009ba7    0x14  init.o [4]
  .near_func.text  ro code  0x009bbb    0x14  __dbg_xxexit.o [3]
  .near_func.text  ro code  0x009bcf    0x13  cstartup.o [4]
  .near_func.text  ro code  0x009be2    0x12  main.o [1]
  .near_func.text  ro code  0x009bf4    0x12  short.o [4]
  .near.rodata     const    0x009c06    0x10  audio.o [1]
  .near_func.text  ro code  0x009c16    0x10  stm8s_tim2.o [1]
  .near_func.text  ro code  0x009c26     0xe  dc_util.o [4]
  .near_func.text  ro code  0x009c34     0x9  stm8s_tim1.o [1]
  .near_func.text  ro code  0x009c3d     0x9  stm8s_tim1.o [1]
  .near_func.text  ro code  0x009c46     0x8  stm8s_gpio.o [1]
  .near_func.text  ro code  0x009c4e     0x7  stm8s_gpio.o [1]
  .near_func.text  ro code  0x009c55     0x7  stm8s_gpio.o [1]
  .near_func.text  ro code  0x009c5c     0x5  cexit.o [4]
  .near_func.text  ro code  0x009c61     0x3  interrupt.o [4]
  .near_func.text  ro code  0x009c64     0x3  low_level_init.o [4]
  .near_func.text  ro code  0x009c67     0x3  exit.o [4]
  .near_func.text  ro code  0x009c6a     0x3  unhandled_exception.o [4]
  .near_func.text  ro code  0x009c6d     0x2  main.o [1]
  .near_func.text  ro code  0x009c6f     0x1  stm8s_it.o [1]
  .near_func.text  ro code  0x009c70     0x1  stm8s_it.o [1]
  .near_func.text  ro code  0x009c71     0x1  stm8s_it.o [1]
  .near_func.text  ro code  0x009c72     0x1  stm8s_it.o [1]
  .near_func.text  ro code  0x009c73     0x1  stm8s_it.o [1]
  .near_func.text  ro code  0x009c74     0x1  stm8s_it.o [1]
  .near_func.text  ro code  0x009c75     0x1  stm8s_it.o [1]
  .near_func.text  ro code  0x009c76     0x1  stm8s_it.o [1]
  .near_func.text  ro code  0x009c77     0x1  stm8s_it.o [1]
  .near_func.text  ro code  0x009c78     0x1  stm8s_it.o [1]
  .near_func.text  ro code  0x009c79     0x1  stm8s_it.o [1]
  .near_func.text  ro code  0x009c7a     0x1  stm8s_it.o [1]
  .near_func.text  ro code  0x009c7b     0x1  stm8s_it.o [1]
  .near_func.text  ro code  0x009c7c     0x1  stm8s_it.o [1]
  .near_func.text  ro code  0x009c7d     0x1  stm8s_it.o [1]
  .near_func.text  ro code  0x009c7e     0x1  stm8s_it.o [1]
  .near_func.text  ro code  0x009c7f     0x1  stm8s_it.o [1]
  .near_func.text  ro code  0x009c80     0x1  __dbg_break.o [3]
                          - 0x009c81  0x1c01


*******************************************************************************
*** INIT TABLE
***

          Address   Size
          -------   ----
Zero (__iar_zero_init2)
    1 destination range, total size 0xf:
          0x000010   0xf



*******************************************************************************
*** MODULE SUMMARY
***

    Module                 ro code  ro data  rw data
    ------                 -------  -------  -------
E:\STM8S_Pro\SuperBlockPro\IAR\Debug\Obj: [1]
    GPIO.o                     157
    GlobalVar.o                                    7
    SM16208.o                  185
    audio.o                    217    3 010        7
    main.o                      68
    stm8s_clk.o                301       67
    stm8s_gpio.o               292       68
    stm8s_it.o                 298                 1
    stm8s_tim1.o             1 156       67
    stm8s_tim2.o               320       68
    stm8s_tim4.o               276       68
    timer.o                     84
    ------------------------------------------------
    Total:                   3 354    3 348       15

command line: [2]
    ------------------------------------------------
    Total:

dbgstm8smd.a: [3]
    __dbg_break.o                1
    __dbg_xxexit.o              20
    ------------------------------------------------
    Total:                      21

dlstm8smn.a: [4]
    cexit.o                      5
    cstartup.o                  19
    dc_util.o                   14
    exit.o                       3
    init.o                      20
    init_small.o                30
    interrupt.o                  3      128
    long.o                      79
    long_util.o                 38
    low_level_init.o             3
    short.o                     18
    unhandled_exception.o        3
    vreg_util.o                203
    vregs.o                                       16
    ------------------------------------------------
    Total:                     438      128       16

    Linker created                        8      256
----------------------------------------------------
    Grand Total:             3 813    3 484      287


*******************************************************************************
*** ENTRY LIST
***

Entry                    Address   Size  Type      Object
-----                    -------   ----  ----      ------
.iar.init_table$$Base   0x009b0e          --   Gb  - Linker created -
.iar.init_table$$Limit  0x009b16          --   Gb  - Linker created -
?add32_l0_l0_0x         0x00961c         Code  Gb  long.o [4]
?add32_l0_l0_l1         0x009619         Code  Gb  long.o [4]
?and16_x_x_dw           0x009bf4         Code  Gb  short.o [4]
?and16_x_x_w0           0x009bf7         Code  Gb  short.o [4]
?b0                     0x000000         Data  Gb  vregs.o [4]
?b1                     0x000001         Data  Gb  vregs.o [4]
?b10                    0x00000a         Data  Gb  vregs.o [4]
?b11                    0x00000b         Data  Gb  vregs.o [4]
?b12                    0x00000c         Data  Gb  vregs.o [4]
?b13                    0x00000d         Data  Gb  vregs.o [4]
?b14                    0x00000e         Data  Gb  vregs.o [4]
?b15                    0x00000f         Data  Gb  vregs.o [4]
?b2                     0x000002         Data  Gb  vregs.o [4]
?b3                     0x000003         Data  Gb  vregs.o [4]
?b4                     0x000004         Data  Gb  vregs.o [4]
?b5                     0x000005         Data  Gb  vregs.o [4]
?b6                     0x000006         Data  Gb  vregs.o [4]
?b7                     0x000007         Data  Gb  vregs.o [4]
?b8                     0x000008         Data  Gb  vregs.o [4]
?b9                     0x000009         Data  Gb  vregs.o [4]
?dc16_w0                0x009c26         Code  Gb  dc_util.o [4]
?dec32_0x_0x            0x009605         Code  Gb  long.o [4]
?dec32_l0_l0            0x009600         Code  Gb  long.o [4]
?e0                     0x000001         Data  Gb  vregs.o [4]
?e1                     0x000005         Data  Gb  vregs.o [4]
?e2                     0x000009         Data  Gb  vregs.o [4]
?e3                     0x00000d         Data  Gb  vregs.o [4]
?epilogue_l2            0x008fa4         Code  Gb  vreg_util.o [4]
?epilogue_l2_w6         0x008fa8         Code  Gb  vreg_util.o [4]
?epilogue_w4            0x008faf         Code  Gb  vreg_util.o [4]
?l0                     0x000000         Data  Gb  vregs.o [4]
?l1                     0x000004         Data  Gb  vregs.o [4]
?l2                     0x000008         Data  Gb  vregs.o [4]
?l3                     0x00000c         Data  Gb  vregs.o [4]
?load32_0x_l0           0x009a95         Code  Gb  long_util.o [4]
?load32_l0_0x           0x009a7d         Code  Gb  long_util.o [4]
?load32_l1_0x           0x009a89         Code  Gb  long_util.o [4]
?mov_e0_e1              0x008fb6         Code  Gb  vreg_util.o [4]
?mov_e1_e0              0x008fc3         Code  Gb  vreg_util.o [4]
?mov_e1_e2              0x008fd0         Code  Gb  vreg_util.o [4]
?mov_e2_e0              0x008fdd         Code  Gb  vreg_util.o [4]
?mov_l0_l1              0x008fb3         Code  Gb  vreg_util.o [4]
?mov_l1_l0              0x008fc0         Code  Gb  vreg_util.o [4]
?mov_l1_l2              0x008fcd         Code  Gb  vreg_util.o [4]
?mov_l2_l0              0x008fda         Code  Gb  vreg_util.o [4]
?mov_w1_w3              0x008fb9         Code  Gb  vreg_util.o [4]
?mov_w3_w1              0x008fc6         Code  Gb  vreg_util.o [4]
?mov_w3_w5              0x008fd3         Code  Gb  vreg_util.o [4]
?mov_w5_w1              0x008fe0         Code  Gb  vreg_util.o [4]
?neg32_l0_l0            0x0095f0         Code  Gb  long.o [4]
?pop_l0                 0x008f7b         Code  Gb  vreg_util.o [4]
?pop_l1                 0x008f86         Code  Gb  vreg_util.o [4]
?pop_l2                 0x008f91         Code  Gb  vreg_util.o [4]
?pop_w4                 0x008f39         Code  Gb  vreg_util.o [4]
?pop_w6                 0x008f40         Code  Gb  vreg_util.o [4]
?push_l0                0x008f4f         Code  Gb  vreg_util.o [4]
?push_l1                0x008f54         Code  Gb  vreg_util.o [4]
?push_l2                0x008f59         Code  Gb  vreg_util.o [4]
?push_w4                0x008f1c         Code  Gb  vreg_util.o [4]
?push_w6                0x008f21         Code  Gb  vreg_util.o [4]
?sext16_x_a             0x009bff         Code  Gb  short.o [4]
?sext32_l0_x            0x009634         Code  Gb  long.o [4]
?w0                     0x000000         Data  Gb  vregs.o [4]
?w1                     0x000002         Data  Gb  vregs.o [4]
?w2                     0x000004         Data  Gb  vregs.o [4]
?w3                     0x000006         Data  Gb  vregs.o [4]
?w4                     0x000008         Data  Gb  vregs.o [4]
?w5                     0x00000a         Data  Gb  vregs.o [4]
?w6                     0x00000c         Data  Gb  vregs.o [4]
?w7                     0x00000e         Data  Gb  vregs.o [4]
ADC1_IRQHandler         0x009c7e    0x1  Code  Gb  stm8s_it.o [1]
ADPCM_Decode            0x008fe7   0xba  Code  Gb  audio.o [1]
AWU_IRQHandler          0x009c71    0x1  Code  Gb  stm8s_it.o [1]
Audio_Start             0x009b16   0x1f  Code  Gb  audio.o [1]
CLK_DeInit              0x00981c   0x36  Code  Gb  stm8s_clk.o [1]
CLK_HSICmd              0x009882   0x2f  Code  Gb  stm8s_clk.o [1]
CLK_HSIPrescalerConfig  0x0097df   0x3d  Code  Gb  stm8s_clk.o [1]
CLK_IRQHandler          0x009c72    0x1  Code  Gb  stm8s_it.o [1]
CLK_SYSCLKConfig        0x009341   0x8b  Code  Gb  stm8s_clk.o [1]
CSTACK$$Base            0x000300          --   Gb  - Linker created -
CSTACK$$Limit           0x000400          --   Gb  - Linker created -
EEPROM_EEC_IRQHandler   0x009c7f    0x1  Code  Gb  stm8s_it.o [1]
EXTI_PORTA_IRQHandler   0x009c73    0x1  Code  Gb  stm8s_it.o [1]
EXTI_PORTB_IRQHandler   0x009c74    0x1  Code  Gb  stm8s_it.o [1]
EXTI_PORTC_IRQHandler   0x009c75    0x1  Code  Gb  stm8s_it.o [1]
EXTI_PORTD_IRQHandler   0x009aa3   0x25  Code  Gb  stm8s_it.o [1]
EXTI_PORTE_IRQHandler   0x009c76    0x1  Code  Gb  stm8s_it.o [1]
GPIO_Init               0x008e0e  0x10e  Code  Gb  stm8s_gpio.o [1]
GPIO_ReadInputPin       0x009c55    0x7  Code  Gb  stm8s_gpio.o [1]
GPIO_WriteLow           0x009c46    0x8  Code  Gb  stm8s_gpio.o [1]
GPIO_WriteReverse       0x009c4e    0x7  Code  Gb  stm8s_gpio.o [1]
I2C_IRQHandler          0x009c7d    0x1  Code  Gb  stm8s_it.o [1]
INTVEC$$Base            0x008000          --   Gb  - Linker created -
INTVEC$$Limit           0x008080          --   Gb  - Linker created -
Region$$Table$$Base     0x009b0e          --   Gb  - Linker created -
Region$$Table$$Limit    0x009b16          --   Gb  - Linker created -
SM16208_Init            0x0090a1   0xb9  Code  Gb  SM16208.o [1]
SPI_IRQHandler          0x009c77    0x1  Code  Gb  stm8s_it.o [1]
SYS_CLK_Init            0x009be2   0x12  Code  Gb  main.o [1]
Set_Speaker_Duty        0x009a29   0x2d  Code  Gb  GPIO.o [1]
SpeakerInit             0x0093cc   0x70  Code  Gb  GPIO.o [1]
TIM1_ARRPreloadConfig   0x00990f   0x2f  Code  Gb  stm8s_tim1.o [1]
TIM1_CAP_COM_IRQHandler
                        0x009c79    0x1  Code  Gb  stm8s_it.o [1]
TIM1_Cmd                0x0098b1   0x2f  Code  Gb  stm8s_tim1.o [1]
TIM1_CtrlPWMOutputs     0x0098e0   0x2f  Code  Gb  stm8s_tim1.o [1]
TIM1_DeInit             0x0092a8   0x99  Code  Gb  stm8s_tim1.o [1]
TIM1_OC2Init            0x008b80  0x147  Code  Gb  stm8s_tim1.o [1]
TIM1_OC2PreloadConfig   0x00993e   0x2f  Code  Gb  stm8s_tim1.o [1]
TIM1_OC3Init            0x008cc7  0x147  Code  Gb  stm8s_tim1.o [1]
TIM1_OC3PreloadConfig   0x00996d   0x2f  Code  Gb  stm8s_tim1.o [1]
TIM1_SetCompare2        0x009c34    0x9  Code  Gb  stm8s_tim1.o [1]
TIM1_SetCompare3        0x009c3d    0x9  Code  Gb  stm8s_tim1.o [1]
TIM1_TimeBaseInit       0x00943c   0x60  Code  Gb  stm8s_tim1.o [1]
TIM1_UPD_OVF_TRG_BRK_IRQHandler
                        0x009c78    0x1  Code  Gb  stm8s_it.o [1]
TIM2_CAP_COM_IRQHandler
                        0x009c7a    0x1  Code  Gb  stm8s_it.o [1]
TIM2_ClearFlag          0x0099cb   0x2f  Code  Gb  stm8s_tim2.o [1]
TIM2_ClearITPendingBit  0x009a56   0x27  Code  Gb  stm8s_tim2.o [1]
TIM2_Cmd                0x00999c   0x2f  Code  Gb  stm8s_tim2.o [1]
TIM2_Config             0x009b8c   0x1b  Code  Gb  timer.o [1]
TIM2_DeInit             0x00949c   0x59  Code  Gb  stm8s_tim2.o [1]
TIM2_ITConfig           0x00954d   0x52  Code  Gb  stm8s_tim2.o [1]
TIM2_TimeBaseInit       0x009c16   0x10  Code  Gb  stm8s_tim2.o [1]
TIM2_UPD_OVF_BRK_IRQHandler
                        0x00920c   0x9c  Code  Gb  stm8s_it.o [1]
TIM4_ClearFlag          0x009ac8   0x23  Code  Gb  stm8s_tim4.o [1]
TIM4_ClearITPendingBit  0x009aeb   0x23  Code  Gb  stm8s_tim4.o [1]
TIM4_Cmd                0x0099fa   0x2f  Code  Gb  stm8s_tim4.o [1]
TIM4_Config             0x009b35   0x1e  Code  Gb  timer.o [1]
TIM4_ITConfig           0x00963f   0x4e  Code  Gb  stm8s_tim4.o [1]
TIM4_TimeBaseInit       0x00959f   0x51  Code  Gb  stm8s_tim4.o [1]
TIM4_UPD_OVF_IRQHandler
                        0x0094f5   0x58  Code  Gb  stm8s_it.o [1]
TIM4_UPD_OVF_IRQHandler::_10ms_cnt
                        0x00001e    0x1  Data  Lc  stm8s_it.o [1]
TLI_IRQHandler          0x009c70    0x1  Code  Gb  stm8s_it.o [1]
TRAP_IRQHandler         0x009c6f    0x1  Code  Gb  stm8s_it.o [1]
TimingDelay             0x000010    0x4  Data  Gb  GlobalVar.o [1]
UART1_RX_IRQHandler     0x009c7c    0x1  Code  Gb  stm8s_it.o [1]
UART1_TX_IRQHandler     0x009c7b    0x1  Code  Gb  stm8s_it.o [1]
__DebugBreak            0x009c80    0x1  Code  Gb  __dbg_break.o [3]
__exit                  0x009bbb   0x14  Code  Gb  __dbg_xxexit.o [3]
__iar_data_init2        0x009ba7   0x14  Code  Gb  init.o [4]
__iar_program_start     0x009bcf         Code  Gb  cstartup.o [4]
__iar_unhandled_exception
                        0x009c6a         Code  Gb  unhandled_exception.o [4]
__iar_zero_init2        0x009b53         Code  Gb  init_small.o [4]
__intvec                0x008000         Data  Gb  interrupt.o [4]
__low_level_init        0x009c64    0x3  Code  Gb  low_level_init.o [4]
_exit                   0x009c5c         Code  Gb  cexit.o [4]
_interrupt_1            0x009c6f         Code  Gb  stm8s_it.o [1]
_interrupt_12           0x009c77         Code  Gb  stm8s_it.o [1]
_interrupt_13           0x009c78         Code  Gb  stm8s_it.o [1]
_interrupt_14           0x009c79         Code  Gb  stm8s_it.o [1]
_interrupt_15           0x00920c         Code  Gb  stm8s_it.o [1]
_interrupt_16           0x009c7a         Code  Gb  stm8s_it.o [1]
_interrupt_19           0x009c7b         Code  Gb  stm8s_it.o [1]
_interrupt_2            0x009c70         Code  Gb  stm8s_it.o [1]
_interrupt_20           0x009c7c         Code  Gb  stm8s_it.o [1]
_interrupt_21           0x009c7d         Code  Gb  stm8s_it.o [1]
_interrupt_24           0x009c7e         Code  Gb  stm8s_it.o [1]
_interrupt_25           0x0094f5         Code  Gb  stm8s_it.o [1]
_interrupt_26           0x009c7f         Code  Gb  stm8s_it.o [1]
_interrupt_3            0x009c71         Code  Gb  stm8s_it.o [1]
_interrupt_4            0x009c72         Code  Gb  stm8s_it.o [1]
_interrupt_5            0x009c73         Code  Gb  stm8s_it.o [1]
_interrupt_6            0x009c74         Code  Gb  stm8s_it.o [1]
_interrupt_7            0x009c75         Code  Gb  stm8s_it.o [1]
_interrupt_8            0x009aa3         Code  Gb  stm8s_it.o [1]
_interrupt_9            0x009c76         Code  Gb  stm8s_it.o [1]
adpcm_byte_pos          0x000016    0x2  Data  Gb  audio.o [1]
assert_failed           0x009c6d    0x2  Code  Gb  main.o [1]
audio_adpcm_data        0x008080  0xb00  Data  Gb  audio.o [1]
debugData1              0x000018    0x2  Data  Gb  GlobalVar.o [1]
delay_ms                0x009b71   0x1b  Code  Gb  timer.o [1]
exit                    0x009c67    0x3  Code  Gb  exit.o [4]
fall_flag               0x00001d    0x1  Data  Gb  GlobalVar.o [1]
ima_index_table         0x009c06   0x10  Data  Gb  audio.o [1]
ima_step_table          0x00915a   0xb2  Data  Gb  audio.o [1]
main                    0x009852   0x30  Code  Gb  main.o [1]
playing                 0x00001c    0x1  Data  Gb  audio.o [1]
predictor               0x000014    0x2  Data  Gb  audio.o [1]
step_index              0x00001a    0x1  Data  Gb  audio.o [1]
use_high_nibble         0x00001b    0x1  Data  Gb  audio.o [1]


[1] = E:\STM8S_Pro\SuperBlockPro\IAR\Debug\Obj
[2] = command line
[3] = dbgstm8smd.a
[4] = dlstm8smn.a

  3 813 bytes of readonly  code memory
  3 484 bytes of readonly  data memory
    287 bytes of readwrite data memory

Errors: none
Warnings: none
