###############################################################################
#
# IAR ELF Linker V3.11.1.207 for STM8                     23/Jul/2026  16:01:21
# Copyright 2010-2019 IAR Systems AB.
#
#    Output file  =  F:\SuperBlock\SuperBlockPro\IAR\Debug\Exe\TieMoJi.out
#    Map file     =  F:\SuperBlock\SuperBlockPro\IAR\Debug\List\TieMoJi.map
#    Command line =  
#        -f C:\Users\liuzj\AppData\Local\Temp\EW183.tmp
#        (F:\SuperBlock\SuperBlockPro\IAR\Debug\Obj\audio.o
#        F:\SuperBlock\SuperBlockPro\IAR\Debug\Obj\GlobalVar.o
#        F:\SuperBlock\SuperBlockPro\IAR\Debug\Obj\GPIO.o
#        F:\SuperBlock\SuperBlockPro\IAR\Debug\Obj\main.o
#        F:\SuperBlock\SuperBlockPro\IAR\Debug\Obj\SM16208.o
#        F:\SuperBlock\SuperBlockPro\IAR\Debug\Obj\stm8s_clk.o
#        F:\SuperBlock\SuperBlockPro\IAR\Debug\Obj\stm8s_exti.o
#        F:\SuperBlock\SuperBlockPro\IAR\Debug\Obj\stm8s_flash.o
#        F:\SuperBlock\SuperBlockPro\IAR\Debug\Obj\stm8s_gpio.o
#        F:\SuperBlock\SuperBlockPro\IAR\Debug\Obj\stm8s_it.o
#        F:\SuperBlock\SuperBlockPro\IAR\Debug\Obj\stm8s_tim1.o
#        F:\SuperBlock\SuperBlockPro\IAR\Debug\Obj\stm8s_tim2.o
#        F:\SuperBlock\SuperBlockPro\IAR\Debug\Obj\stm8s_tim4.o
#        F:\SuperBlock\SuperBlockPro\IAR\Debug\Obj\timer.o --redirect
#        _Printf=_PrintfSmall --redirect _Scanf=_ScanfSmall --no_out_extension
#        -o F:\SuperBlock\SuperBlockPro\IAR\Debug\Exe\TieMoJi.out --map
#        F:\SuperBlock\SuperBlockPro\IAR\Debug\List\TieMoJi.map --config
#        "C:\Program Files (x86)\IAR Systems\Embedded Workbench
#        8.3\stm8\config\lnkstm8s003f3.icf" --config_def _CSTACK_SIZE=0x100
#        --config_def _HEAP_SIZE=0x100 --entry __iar_program_start --debug_lib)
#
###############################################################################

*******************************************************************************
*** RUNTIME MODEL ATTRIBUTES
***

__SystemLibrary            = DLib
__code_model               = small
__core                     = stm8
__data_model               = medium
__dlib_file_descriptor     = 0
__dlib_full_locale_support = 0
__rt_version               = 4


*******************************************************************************
*** PLACEMENT SUMMARY
***

"A0":  place at start of [0x000000-0x0000ff] { rw section .vregs };
"A1":  place at end of [0x000000-0x0003ff] { block CSTACK };
"P2":  place in [from 0x000000 to 0x0003ff] {
          block HEAP, rw section __DLIB_PERTHREAD, rw section .far.bss,
          rw section .far.data, rw section .far.noinit,
          rw section .far_func.textrw, rw section .huge.bss,
          rw section .huge.data, rw section .huge.noinit,
          rw section .huge_func.textrw, rw section .iar.dynexit,
          rw section .near.bss, rw section .near.data, rw section .near.noinit,
          rw section .near_func.textrw };
"A2":  place at start of [0x008000-0x009fff] { block INTVEC };
"P3":  place in [from 0x008000 to 0x009fff] {
          ro section __DLIB_PERTHREAD_init, ro section .far.data_init,
          ro section .far_func.textrw_init, ro section .huge.data_init,
          ro section .huge_func.textrw_init, ro section .iar.init_table,
          ro section .init_array, ro section .near.data_init,
          ro section .near.rodata, ro section .near_func.text,
          ro section .near_func.textrw_init, ro section .tiny.data_init,
          ro section .tiny.rodata_init };
"P4":  place in [from 0x008000 to 0x009fff] {
          ro section .far.rodata, ro section .far_func.text };
"P5":  place in [from 0x008000 to 0x009fff] {
          ro section .huge.rodata, ro section .huge_func.text };
do not initialize {
   rw section .eeprom.noinit, rw section .far.noinit, rw section .huge.noinit,
   rw section .near.noinit, rw section .tiny.noinit, rw section .vregs };

No sections matched the following patterns:

  ro section .far.data_init          in "P3-P5"
  ro section .far.rodata             in "P3-P5"
  ro section .far_func.text          in "P3-P5"
  ro section .far_func.textrw_init   in "P3-P5"
  ro section .huge.data_init         in "P3-P5"
  ro section .huge.rodata            in "P3-P5"
  ro section .huge_func.text         in "P3-P5"
  ro section .huge_func.textrw_init  in "P3-P5"
  ro section .iar.init_table         in "P3-P5"
  ro section .init_array             in "P3-P5"
  ro section .near.data_init         in "P3-P5"
  ro section .near_func.textrw_init  in "P3-P5"
  ro section .tiny.data_init         in "P3-P5"
  ro section .tiny.rodata_init       in "P3-P5"
  ro section __DLIB_PERTHREAD_init   in "P3-P5"
  rw section .far.bss                in "P2"
  rw section .far.data               in "P2"
  rw section .far.noinit             in "P2"
  rw section .far_func.textrw        in "P2"
  rw section .huge.bss               in "P2"
  rw section .huge.data              in "P2"
  rw section .huge.noinit            in "P2"
  rw section .huge_func.textrw       in "P2"
  rw section .iar.dynexit            in "P2"
  rw section .near.data              in "P2"
  rw section .near.noinit            in "P2"
  rw section .near_func.textrw       in "P2"
  rw section .tiny.bss               in "P1"
  rw section .tiny.data              in "P1"
  rw section .tiny.noinit            in "P1"
  rw section .tiny.rodata            in "P1"
  rw section __DLIB_PERTHREAD        in "P2"
  section .eeprom.data               in "P6-P8"
  section .eeprom.noinit             in "P6-P8"
  section .eeprom.rodata             in "P6-P8"


  Section          Kind      Address    Size  Object
  -------          ----      -------    ----  ------
"A0":                                   0x10
  .vregs           uninit   0x000000    0x10  vregs.o [4]
                          - 0x000010    0x10

"P2":                                    0xf
  .near.bss        zero     0x000010     0x4  GlobalVar.o [1]
  .near.bss        zero     0x000014     0x2  audio.o [1]
  .near.bss        zero     0x000016     0x2  audio.o [1]
  .near.bss        zero     0x000018     0x2  GlobalVar.o [1]
  .near.bss        zero     0x00001a     0x1  audio.o [1]
  .near.bss        zero     0x00001b     0x1  audio.o [1]
  .near.bss        zero     0x00001c     0x1  audio.o [1]
  .near.bss        zero     0x00001d     0x1  GlobalVar.o [1]
  .near.bss        zero     0x00001e     0x1  stm8s_it.o [1]
                          - 0x00001f     0xf

"A1":                                  0x100
  CSTACK                    0x000300   0x100  <Block>
    CSTACK         uninit   0x000300   0x100  <Block tail>
                          - 0x000400   0x100

"A2":                                   0x80
  INTVEC                    0x008000    0x80  <Block>
    .intvec        const    0x008000    0x80  interrupt.o [4]
                          - 0x008080    0x80

"P3-P5":                              0x1d98
  .near.rodata     const    0x008080   0xfab  audio.o [1]
  .near_func.text  ro code  0x00902b    0xe8  stm8s_tim1.o [1]
  .near_func.text  ro code  0x009113    0xcb  vreg_util.o [4]
  .near_func.text  ro code  0x0091de    0xc4  stm8s_tim1.o [1]
  .near.rodata     const    0x0092a2    0xb2  audio.o [1]
  .near_func.text  ro code  0x009354    0xb1  stm8s_gpio.o [1]
  .near_func.text  ro code  0x009405    0x8f  stm8s_tim1.o [1]
  .near_func.text  ro code  0x009494    0x84  audio.o [1]
  .near_func.text  ro code  0x009518    0x65  stm8s_it.o [1]
  .near_func.text  ro code  0x00957d    0x60  SM16208.o [1]
  .near_func.text  ro code  0x0095dd    0x5e  stm8s_clk.o [1]
  .near_func.text  ro code  0x00963b    0x5d  GPIO.o [1]
  .near_func.text  ro code  0x009698    0x4f  stm8s_tim2.o [1]
  .near_func.text  ro code  0x0096e7    0x4f  long.o [4]
  .near_func.text  ro code  0x009736    0x4d  stm8s_it.o [1]
  .near_func.text  ro code  0x009783    0x4c  stm8s_tim1.o [1]
  .near.rodata     const    0x0097cf    0x44  stm8s_gpio.o [1]
  .near.rodata     const    0x009813    0x44  stm8s_tim1.o [1]
  .near.rodata     const    0x009857    0x44  stm8s_tim2.o [1]
  .near.rodata     const    0x00989b    0x44  stm8s_tim4.o [1]
  .near.rodata     const    0x0098df    0x43  stm8s_clk.o [1]
  .near_func.text  ro code  0x009922    0x3a  stm8s_tim4.o [1]
  .near_func.text  ro code  0x00995c    0x37  stm8s_tim2.o [1]
  .near_func.text  ro code  0x009993    0x36  stm8s_clk.o [1]
  .near_func.text  ro code  0x0099c9    0x34  stm8s_tim4.o [1]
  .near_func.text  ro code  0x0099fd    0x28  main.o [1]
  .near_func.text  ro code  0x009a25    0x28  stm8s_clk.o [1]
  .near_func.text  ro code  0x009a4d    0x24  stm8s_tim2.o [1]
  .near_func.text  ro code  0x009a71    0x22  stm8s_it.o [1]
  .near_func.text  ro code  0x009a93    0x21  GPIO.o [1]
  .iar.init_table  const    0x009ab4     0x8  - Linker created -
  .near_func.text  ro code  0x009abc    0x1f  stm8s_tim1.o [1]
  .near_func.text  ro code  0x009adb    0x1f  timer.o [1]
  .near_func.text  ro code  0x009afa    0x1e  init_small.o [4]
  .near_func.text  ro code  0x009b18    0x1d  timer.o [1]
  .near_func.text  ro code  0x009b35    0x1a  long_util.o [4]
  .near_func.text  ro code  0x009b4f    0x19  stm8s_tim4.o [1]
  .near_func.text  ro code  0x009b68    0x19  stm8s_tim4.o [1]
  .near_func.text  ro code  0x009b81    0x18  audio.o [1]
  .near_func.text  ro code  0x009b99    0x16  stm8s_clk.o [1]
  .near_func.text  ro code  0x009baf    0x16  stm8s_tim1.o [1]
  .near_func.text  ro code  0x009bc5    0x16  stm8s_tim1.o [1]
  .near_func.text  ro code  0x009bdb    0x16  stm8s_tim1.o [1]
  .near_func.text  ro code  0x009bf1    0x16  stm8s_tim1.o [1]
  .near_func.text  ro code  0x009c07    0x16  stm8s_tim1.o [1]
  .near_func.text  ro code  0x009c1d    0x16  stm8s_tim2.o [1]
  .near_func.text  ro code  0x009c33    0x16  stm8s_tim4.o [1]
  .near_func.text  ro code  0x009c49    0x15  stm8s_tim1.o [1]
  .near_func.text  ro code  0x009c5e    0x15  timer.o [1]
  .near_func.text  ro code  0x009c73    0x14  init.o [4]
  .near_func.text  ro code  0x009c87    0x14  __dbg_xxexit.o [3]
  .near_func.text  ro code  0x009c9b    0x13  audio.o [1]
  .near_func.text  ro code  0x009cae    0x13  cstartup.o [4]
  .near_func.text  ro code  0x009cc1    0x12  short.o [4]
  .near.rodata     const    0x009cd3    0x10  audio.o [1]
  .near_func.text  ro code  0x009ce3     0xf  main.o [1]
  .near_func.text  ro code  0x009cf2     0xf  stm8s_tim1.o [1]
  .near_func.text  ro code  0x009d01     0xe  dc_util.o [4]
  .near_func.text  ro code  0x009d0f     0xb  SM16208.o [1]
  .near_func.text  ro code  0x009d1a     0xb  stm8s_clk.o [1]
  .near_func.text  ro code  0x009d25     0xb  stm8s_gpio.o [1]
  .near_func.text  ro code  0x009d30     0xb  stm8s_tim1.o [1]
  .near_func.text  ro code  0x009d3b     0xb  stm8s_tim2.o [1]
  .near_func.text  ro code  0x009d46     0xb  stm8s_tim4.o [1]
  .near_func.text  ro code  0x009d51     0x9  GPIO.o [1]
  .near_func.text  ro code  0x009d5a     0x9  SM16208.o [1]
  .near_func.text  ro code  0x009d63     0x9  stm8s_clk.o [1]
  .near_func.text  ro code  0x009d6c     0x9  stm8s_tim1.o [1]
  .near_func.text  ro code  0x009d75     0x9  stm8s_tim1.o [1]
  .near_func.text  ro code  0x009d7e     0x9  stm8s_tim1.o [1]
  .near_func.text  ro code  0x009d87     0x9  stm8s_tim1.o [1]
  .near_func.text  ro code  0x009d90     0x9  stm8s_tim2.o [1]
  .near_func.text  ro code  0x009d99     0x9  stm8s_tim2.o [1]
  .near_func.text  ro code  0x009da2     0x8  GPIO.o [1]
  .near_func.text  ro code  0x009daa     0x8  GPIO.o [1]
  .near_func.text  ro code  0x009db2     0x8  main.o [1]
  .near_func.text  ro code  0x009dba     0x8  stm8s_tim1.o [1]
  .near_func.text  ro code  0x009dc2     0x7  SM16208.o [1]
  .near_func.text  ro code  0x009dc9     0x7  stm8s_gpio.o [1]
  .near_func.text  ro code  0x009dd0     0x7  stm8s_gpio.o [1]
  .near_func.text  ro code  0x009dd7     0x7  stm8s_it.o [1]
  .near_func.text  ro code  0x009dde     0x7  stm8s_tim2.o [1]
  .near_func.text  ro code  0x009de5     0x6  SM16208.o [1]
  .near_func.text  ro code  0x009deb     0x5  cexit.o [4]
  .near_func.text  ro code  0x009df0     0x4  SM16208.o [1]
  .near_func.text  ro code  0x009df4     0x4  stm8s_gpio.o [1]
  .near_func.text  ro code  0x009df8     0x3  interrupt.o [4]
  .near_func.text  ro code  0x009dfb     0x3  low_level_init.o [4]
  .near_func.text  ro code  0x009dfe     0x3  exit.o [4]
  .near_func.text  ro code  0x009e01     0x3  unhandled_exception.o [4]
  .near_func.text  ro code  0x009e04     0x2  main.o [1]
  .near_func.text  ro code  0x009e06     0x1  stm8s_it.o [1]
  .near_func.text  ro code  0x009e07     0x1  stm8s_it.o [1]
  .near_func.text  ro code  0x009e08     0x1  stm8s_it.o [1]
  .near_func.text  ro code  0x009e09     0x1  stm8s_it.o [1]
  .near_func.text  ro code  0x009e0a     0x1  stm8s_it.o [1]
  .near_func.text  ro code  0x009e0b     0x1  stm8s_it.o [1]
  .near_func.text  ro code  0x009e0c     0x1  stm8s_it.o [1]
  .near_func.text  ro code  0x009e0d     0x1  stm8s_it.o [1]
  .near_func.text  ro code  0x009e0e     0x1  stm8s_it.o [1]
  .near_func.text  ro code  0x009e0f     0x1  stm8s_it.o [1]
  .near_func.text  ro code  0x009e10     0x1  stm8s_it.o [1]
  .near_func.text  ro code  0x009e11     0x1  stm8s_it.o [1]
  .near_func.text  ro code  0x009e12     0x1  stm8s_it.o [1]
  .near_func.text  ro code  0x009e13     0x1  stm8s_it.o [1]
  .near_func.text  ro code  0x009e14     0x1  stm8s_it.o [1]
  .near_func.text  ro code  0x009e15     0x1  stm8s_it.o [1]
  .near_func.text  ro code  0x009e16     0x1  stm8s_it.o [1]
  .near_func.text  ro code  0x009e17     0x1  __dbg_break.o [3]
                          - 0x009e18  0x1d98


*******************************************************************************
*** INIT TABLE
***

          Address   Size
          -------   ----
Zero (__iar_zero_init2)
    1 destination range, total size 0xf:
          0x000010   0xf



*******************************************************************************
*** MODULE SUMMARY
***

    Module                 ro code  ro data  rw data
    ------                 -------  -------  -------
F:\SuperBlock\SuperBlockPro\IAR\Debug\Obj: [1]
    GPIO.o                     151
    GlobalVar.o                                    7
    SM16208.o                  133
    audio.o                    175    4 205        7
    main.o                      65
    stm8s_clk.o                230       67
    stm8s_gpio.o               206       68
    stm8s_it.o                 236                 1
    stm8s_tim1.o               879       68
    stm8s_tim2.o               228       68
    stm8s_tim4.o               193       68
    timer.o                     81
    ------------------------------------------------
    Total:                   2 577    4 544       15

command line: [2]
    ------------------------------------------------
    Total:

dbgstm8smd.a: [3]
    __dbg_break.o                1
    __dbg_xxexit.o              20
    ------------------------------------------------
    Total:                      21

dlstm8smn.a: [4]
    cexit.o                      5
    cstartup.o                  19
    dc_util.o                   14
    exit.o                       3
    init.o                      20
    init_small.o                30
    interrupt.o                  3      128
    long.o                      79
    long_util.o                 26
    low_level_init.o             3
    short.o                     18
    unhandled_exception.o        3
    vreg_util.o                203
    vregs.o                                       16
    ------------------------------------------------
    Total:                     426      128       16

    Linker created                        8      256
----------------------------------------------------
    Grand Total:             3 024    4 680      287


*******************************************************************************
*** ENTRY LIST
***

Entry                    Address   Size  Type      Object
-----                    -------   ----  ----      ------
.iar.init_table$$Base   0x009ab4          --   Gb  - Linker created -
.iar.init_table$$Limit  0x009abc          --   Gb  - Linker created -
?add32_l0_l0_0x         0x009713         Code  Gb  long.o [4]
?add32_l0_l0_l1         0x009710         Code  Gb  long.o [4]
?and16_x_x_dw           0x009cc1         Code  Gb  short.o [4]
?and16_x_x_w0           0x009cc4         Code  Gb  short.o [4]
?b0                     0x000000         Data  Gb  vregs.o [4]
?b1                     0x000001         Data  Gb  vregs.o [4]
?b10                    0x00000a         Data  Gb  vregs.o [4]
?b11                    0x00000b         Data  Gb  vregs.o [4]
?b12                    0x00000c         Data  Gb  vregs.o [4]
?b13                    0x00000d         Data  Gb  vregs.o [4]
?b14                    0x00000e         Data  Gb  vregs.o [4]
?b15                    0x00000f         Data  Gb  vregs.o [4]
?b2                     0x000002         Data  Gb  vregs.o [4]
?b3                     0x000003         Data  Gb  vregs.o [4]
?b4                     0x000004         Data  Gb  vregs.o [4]
?b5                     0x000005         Data  Gb  vregs.o [4]
?b6                     0x000006         Data  Gb  vregs.o [4]
?b7                     0x000007         Data  Gb  vregs.o [4]
?b8                     0x000008         Data  Gb  vregs.o [4]
?b9                     0x000009         Data  Gb  vregs.o [4]
?dc16_w0                0x009d01         Code  Gb  dc_util.o [4]
?dec32_0x_0x            0x0096fc         Code  Gb  long.o [4]
?dec32_l0_l0            0x0096f7         Code  Gb  long.o [4]
?e0                     0x000001         Data  Gb  vregs.o [4]
?e1                     0x000005         Data  Gb  vregs.o [4]
?e2                     0x000009         Data  Gb  vregs.o [4]
?e3                     0x00000d         Data  Gb  vregs.o [4]
?epilogue_l2            0x00919b         Code  Gb  vreg_util.o [4]
?epilogue_l2_w6         0x00919f         Code  Gb  vreg_util.o [4]
?epilogue_w4            0x0091a6         Code  Gb  vreg_util.o [4]
?l0                     0x000000         Data  Gb  vregs.o [4]
?l1                     0x000004         Data  Gb  vregs.o [4]
?l2                     0x000008         Data  Gb  vregs.o [4]
?l3                     0x00000c         Data  Gb  vregs.o [4]
?load32_0x_l0           0x009b41         Code  Gb  long_util.o [4]
?load32_l0_0x           0x009b35         Code  Gb  long_util.o [4]
?mov_e0_e1              0x0091ad         Code  Gb  vreg_util.o [4]
?mov_e1_e0              0x0091ba         Code  Gb  vreg_util.o [4]
?mov_e1_e2              0x0091c7         Code  Gb  vreg_util.o [4]
?mov_e2_e0              0x0091d4         Code  Gb  vreg_util.o [4]
?mov_l0_l1              0x0091aa         Code  Gb  vreg_util.o [4]
?mov_l1_l0              0x0091b7         Code  Gb  vreg_util.o [4]
?mov_l1_l2              0x0091c4         Code  Gb  vreg_util.o [4]
?mov_l2_l0              0x0091d1         Code  Gb  vreg_util.o [4]
?mov_w1_w3              0x0091b0         Code  Gb  vreg_util.o [4]
?mov_w3_w1              0x0091bd         Code  Gb  vreg_util.o [4]
?mov_w3_w5              0x0091ca         Code  Gb  vreg_util.o [4]
?mov_w5_w1              0x0091d7         Code  Gb  vreg_util.o [4]
?neg32_l0_l0            0x0096e7         Code  Gb  long.o [4]
?pop_l0                 0x009172         Code  Gb  vreg_util.o [4]
?pop_l1                 0x00917d         Code  Gb  vreg_util.o [4]
?pop_l2                 0x009188         Code  Gb  vreg_util.o [4]
?pop_w4                 0x009130         Code  Gb  vreg_util.o [4]
?pop_w6                 0x009137         Code  Gb  vreg_util.o [4]
?push_l0                0x009146         Code  Gb  vreg_util.o [4]
?push_l1                0x00914b         Code  Gb  vreg_util.o [4]
?push_l2                0x009150         Code  Gb  vreg_util.o [4]
?push_w4                0x009113         Code  Gb  vreg_util.o [4]
?push_w6                0x009118         Code  Gb  vreg_util.o [4]
?sext16_x_a             0x009ccc         Code  Gb  short.o [4]
?sext32_l0_x            0x00972b         Code  Gb  long.o [4]
?w0                     0x000000         Data  Gb  vregs.o [4]
?w1                     0x000002         Data  Gb  vregs.o [4]
?w2                     0x000004         Data  Gb  vregs.o [4]
?w3                     0x000006         Data  Gb  vregs.o [4]
?w4                     0x000008         Data  Gb  vregs.o [4]
?w5                     0x00000a         Data  Gb  vregs.o [4]
?w6                     0x00000c         Data  Gb  vregs.o [4]
?w7                     0x00000e         Data  Gb  vregs.o [4]
ADC1_IRQHandler         0x009e15    0x1  Code  Gb  stm8s_it.o [1]
ADPCM_Decode            0x009494   0x84  Code  Gb  audio.o [1]
AWU_IRQHandler          0x009e08    0x1  Code  Gb  stm8s_it.o [1]
Audio_Start             0x009b81   0x18  Code  Gb  audio.o [1]
CLK_DeInit              0x009993   0x36  Code  Gb  stm8s_clk.o [1]
CLK_HSICmd              0x009b99   0x16  Code  Gb  stm8s_clk.o [1]
CLK_HSIPrescalerConfig  0x009a25   0x28  Code  Gb  stm8s_clk.o [1]
CLK_IRQHandler          0x009e09    0x1  Code  Gb  stm8s_it.o [1]
CLK_SYSCLKConfig        0x0095dd   0x5e  Code  Gb  stm8s_clk.o [1]
CSTACK$$Base            0x000300          --   Gb  - Linker created -
CSTACK$$Limit           0x000400          --   Gb  - Linker created -
EEPROM_EEC_IRQHandler   0x009e16    0x1  Code  Gb  stm8s_it.o [1]
EXTI_PORTA_IRQHandler   0x009e0a    0x1  Code  Gb  stm8s_it.o [1]
EXTI_PORTB_IRQHandler   0x009e0b    0x1  Code  Gb  stm8s_it.o [1]
EXTI_PORTC_IRQHandler   0x009e0c    0x1  Code  Gb  stm8s_it.o [1]
EXTI_PORTD_IRQHandler   0x009a71   0x22  Code  Gb  stm8s_it.o [1]
EXTI_PORTE_IRQHandler   0x009e0d    0x1  Code  Gb  stm8s_it.o [1]
GPIO_Init               0x009354   0xb1  Code  Gb  stm8s_gpio.o [1]
GPIO_ReadInputPin       0x009dd0    0x7  Code  Gb  stm8s_gpio.o [1]
GPIO_WriteLow           0x009df4    0x4  Code  Gb  stm8s_gpio.o [1]
GPIO_WriteReverse       0x009dc9    0x7  Code  Gb  stm8s_gpio.o [1]
I2C_IRQHandler          0x009e14    0x1  Code  Gb  stm8s_it.o [1]
INTVEC$$Base            0x008000          --   Gb  - Linker created -
INTVEC$$Limit           0x008080          --   Gb  - Linker created -
Region$$Table$$Base     0x009ab4          --   Gb  - Linker created -
Region$$Table$$Limit    0x009abc          --   Gb  - Linker created -
SM16208_Init            0x00957d   0x60  Code  Gb  SM16208.o [1]
SPI_IRQHandler          0x009e0e    0x1  Code  Gb  stm8s_it.o [1]
Set_Speaker_Duty        0x009a93   0x21  Code  Gb  GPIO.o [1]
SpeakerInit             0x00963b   0x5d  Code  Gb  GPIO.o [1]
TIM1_ARRPreloadConfig   0x009bdb   0x16  Code  Gb  stm8s_tim1.o [1]
TIM1_CAP_COM_IRQHandler
                        0x009e10    0x1  Code  Gb  stm8s_it.o [1]
TIM1_Cmd                0x009baf   0x16  Code  Gb  stm8s_tim1.o [1]
TIM1_CtrlPWMOutputs     0x009bc5   0x16  Code  Gb  stm8s_tim1.o [1]
TIM1_DeInit             0x009405   0x8f  Code  Gb  stm8s_tim1.o [1]
TIM1_OC2Init            0x00902b   0xe8  Code  Gb  stm8s_tim1.o [1]
TIM1_OC2PreloadConfig   0x009bf1   0x16  Code  Gb  stm8s_tim1.o [1]
TIM1_OC3Init            0x0091de   0xc4  Code  Gb  stm8s_tim1.o [1]
TIM1_OC3PreloadConfig   0x009c07   0x16  Code  Gb  stm8s_tim1.o [1]
TIM1_SetCompare2        0x009d7e    0x9  Code  Gb  stm8s_tim1.o [1]
TIM1_SetCompare3        0x009d87    0x9  Code  Gb  stm8s_tim1.o [1]
TIM1_TimeBaseInit       0x009783   0x4c  Code  Gb  stm8s_tim1.o [1]
TIM1_UPD_OVF_TRG_BRK_IRQHandler
                        0x009e0f    0x1  Code  Gb  stm8s_it.o [1]
TIM2_CAP_COM_IRQHandler
                        0x009e11    0x1  Code  Gb  stm8s_it.o [1]
TIM2_ClearFlag          0x009a4d   0x24  Code  Gb  stm8s_tim2.o [1]
TIM2_Cmd                0x009c1d   0x16  Code  Gb  stm8s_tim2.o [1]
TIM2_Config             0x009adb   0x1f  Code  Gb  timer.o [1]
TIM2_DeInit             0x009698   0x4f  Code  Gb  stm8s_tim2.o [1]
TIM2_ITConfig           0x00995c   0x37  Code  Gb  stm8s_tim2.o [1]
TIM2_TimeBaseInit       0x009dde    0x7  Code  Gb  stm8s_tim2.o [1]
TIM2_UPD_OVF_BRK_IRQHandler
                        0x009518   0x65  Code  Gb  stm8s_it.o [1]
TIM4_ClearFlag          0x009b4f   0x19  Code  Gb  stm8s_tim4.o [1]
TIM4_ClearITPendingBit  0x009b68   0x19  Code  Gb  stm8s_tim4.o [1]
TIM4_Cmd                0x009c33   0x16  Code  Gb  stm8s_tim4.o [1]
TIM4_Config             0x009b18   0x1d  Code  Gb  timer.o [1]
TIM4_ITConfig           0x0099c9   0x34  Code  Gb  stm8s_tim4.o [1]
TIM4_TimeBaseInit       0x009922   0x3a  Code  Gb  stm8s_tim4.o [1]
TIM4_UPD_OVF_IRQHandler
                        0x009736   0x4d  Code  Gb  stm8s_it.o [1]
TIM4_UPD_OVF_IRQHandler::_10ms_cnt
                        0x00001e    0x1  Data  Lc  stm8s_it.o [1]
TLI_IRQHandler          0x009e07    0x1  Code  Gb  stm8s_it.o [1]
TRAP_IRQHandler         0x009e06    0x1  Code  Gb  stm8s_it.o [1]
TimingDelay             0x000010    0x4  Data  Gb  GlobalVar.o [1]
UART1_RX_IRQHandler     0x009e13    0x1  Code  Gb  stm8s_it.o [1]
UART1_TX_IRQHandler     0x009e12    0x1  Code  Gb  stm8s_it.o [1]
__DebugBreak            0x009e17    0x1  Code  Gb  __dbg_break.o [3]
__exit                  0x009c87   0x14  Code  Gb  __dbg_xxexit.o [3]
__iar_data_init2        0x009c73   0x14  Code  Gb  init.o [4]
__iar_program_start     0x009cae         Code  Gb  cstartup.o [4]
__iar_unhandled_exception
                        0x009e01         Code  Gb  unhandled_exception.o [4]
__iar_zero_init2        0x009afa         Code  Gb  init_small.o [4]
__intvec                0x008000         Data  Gb  interrupt.o [4]
__low_level_init        0x009dfb    0x3  Code  Gb  low_level_init.o [4]
_exit                   0x009deb         Code  Gb  cexit.o [4]
_interrupt_1            0x009e06         Code  Gb  stm8s_it.o [1]
_interrupt_12           0x009e0e         Code  Gb  stm8s_it.o [1]
_interrupt_13           0x009e0f         Code  Gb  stm8s_it.o [1]
_interrupt_14           0x009e10         Code  Gb  stm8s_it.o [1]
_interrupt_15           0x009518         Code  Gb  stm8s_it.o [1]
_interrupt_16           0x009e11         Code  Gb  stm8s_it.o [1]
_interrupt_19           0x009e12         Code  Gb  stm8s_it.o [1]
_interrupt_2            0x009e07         Code  Gb  stm8s_it.o [1]
_interrupt_20           0x009e13         Code  Gb  stm8s_it.o [1]
_interrupt_21           0x009e14         Code  Gb  stm8s_it.o [1]
_interrupt_24           0x009e15         Code  Gb  stm8s_it.o [1]
_interrupt_25           0x009736         Code  Gb  stm8s_it.o [1]
_interrupt_26           0x009e16         Code  Gb  stm8s_it.o [1]
_interrupt_3            0x009e08         Code  Gb  stm8s_it.o [1]
_interrupt_4            0x009e09         Code  Gb  stm8s_it.o [1]
_interrupt_5            0x009e0a         Code  Gb  stm8s_it.o [1]
_interrupt_6            0x009e0b         Code  Gb  stm8s_it.o [1]
_interrupt_7            0x009e0c         Code  Gb  stm8s_it.o [1]
_interrupt_8            0x009a71         Code  Gb  stm8s_it.o [1]
_interrupt_9            0x009e0d         Code  Gb  stm8s_it.o [1]
adpcm_byte_pos          0x000016    0x2  Data  Gb  audio.o [1]
assert_failed           0x009e04    0x2  Code  Gb  main.o [1]
audio_adpcm_data        0x008080  0xfab  Data  Gb  audio.o [1]
debugData1              0x000018    0x2  Data  Gb  GlobalVar.o [1]
delay_ms                0x009c5e   0x15  Code  Gb  timer.o [1]
exit                    0x009dfe    0x3  Code  Gb  exit.o [4]
fall_flag               0x00001d    0x1  Data  Gb  GlobalVar.o [1]
ima_index_table         0x009cd3   0x10  Data  Gb  audio.o [1]
ima_step_table          0x0092a2   0xb2  Data  Gb  audio.o [1]
main                    0x0099fd   0x28  Code  Gb  main.o [1]
playing                 0x00001c    0x1  Data  Gb  audio.o [1]
predictor               0x000014    0x2  Data  Gb  audio.o [1]
step_index              0x00001a    0x1  Data  Gb  audio.o [1]
use_high_nibble         0x00001b    0x1  Data  Gb  audio.o [1]


[1] = F:\SuperBlock\SuperBlockPro\IAR\Debug\Obj
[2] = command line
[3] = dbgstm8smd.a
[4] = dlstm8smn.a

  3 024 bytes of readonly  code memory
  4 680 bytes of readonly  data memory
    287 bytes of readwrite data memory

Errors: none
Warnings: none
