###############################################################################
#
# IAR ELF Linker V3.11.1.207 for STM8                     11/Jun/2026  23:04:40
# Copyright 2010-2019 IAR Systems AB.
#
#    Output file  =  F:\图形\SuperBlockPro\IAR\Debug\Exe\TieMoJi.out
#    Map file     =  F:\图形\SuperBlockPro\IAR\Debug\List\TieMoJi.map
#    Command line =  
#        -f C:\Users\liuzj\AppData\Local\Temp\EWB87B.tmp
#        (F:\图形\SuperBlockPro\IAR\Debug\Obj\GlobalVar.o
#        F:\图形\SuperBlockPro\IAR\Debug\Obj\GPIO.o
#        F:\图形\SuperBlockPro\IAR\Debug\Obj\main.o
#        F:\图形\SuperBlockPro\IAR\Debug\Obj\SM16208.o
#        F:\图形\SuperBlockPro\IAR\Debug\Obj\stm8s_clk.o
#        F:\图形\SuperBlockPro\IAR\Debug\Obj\stm8s_exti.o
#        F:\图形\SuperBlockPro\IAR\Debug\Obj\stm8s_flash.o
#        F:\图形\SuperBlockPro\IAR\Debug\Obj\stm8s_gpio.o
#        F:\图形\SuperBlockPro\IAR\Debug\Obj\stm8s_it.o
#        F:\图形\SuperBlockPro\IAR\Debug\Obj\stm8s_tim2.o
#        F:\图形\SuperBlockPro\IAR\Debug\Obj\stm8s_tim4.o
#        F:\图形\SuperBlockPro\IAR\Debug\Obj\timer.o
#        F:\图形\SuperBlockPro\IAR\Debug\Obj\TM1650.o --redirect
#        _Printf=_PrintfSmall --redirect _Scanf=_ScanfSmall --no_out_extension
#        -o F:\图形\SuperBlockPro\IAR\Debug\Exe\TieMoJi.out --map
#        F:\图形\SuperBlockPro\IAR\Debug\List\TieMoJi.map --config "C:\Program
#        Files (x86)\IAR Systems\Embedded Workbench
#        8.3\stm8\config\lnkstm8s003f3.icf" --config_def _CSTACK_SIZE=0x100
#        --config_def _HEAP_SIZE=0x100 --entry __iar_program_start --debug_lib)
#
###############################################################################

*******************************************************************************
*** RUNTIME MODEL ATTRIBUTES
***

__SystemLibrary            = DLib
__code_model               = small
__core                     = stm8
__data_model               = medium
__dlib_file_descriptor     = 0
__dlib_full_locale_support = 0
__rt_version               = 4


*******************************************************************************
*** PLACEMENT SUMMARY
***

"A0":  place at start of [0x000000-0x0000ff] { rw section .vregs };
"A1":  place at end of [0x000000-0x0003ff] { block CSTACK };
"P2":  place in [from 0x000000 to 0x0003ff] {
          block HEAP, rw section __DLIB_PERTHREAD, rw section .far.bss,
          rw section .far.data, rw section .far.noinit,
          rw section .far_func.textrw, rw section .huge.bss,
          rw section .huge.data, rw section .huge.noinit,
          rw section .huge_func.textrw, rw section .iar.dynexit,
          rw section .near.bss, rw section .near.data, rw section .near.noinit,
          rw section .near_func.textrw };
"A2":  place at start of [0x008000-0x009fff] { block INTVEC };
"P3":  place in [from 0x008000 to 0x009fff] {
          ro section __DLIB_PERTHREAD_init, ro section .far.data_init,
          ro section .far_func.textrw_init, ro section .huge.data_init,
          ro section .huge_func.textrw_init, ro section .iar.init_table,
          ro section .init_array, ro section .near.data_init,
          ro section .near.rodata, ro section .near_func.text,
          ro section .near_func.textrw_init, ro section .tiny.data_init,
          ro section .tiny.rodata_init };
"P4":  place in [from 0x008000 to 0x009fff] {
          ro section .far.rodata, ro section .far_func.text };
"P5":  place in [from 0x008000 to 0x009fff] {
          ro section .huge.rodata, ro section .huge_func.text };
do not initialize {
   rw section .eeprom.noinit, rw section .far.noinit, rw section .huge.noinit,
   rw section .near.noinit, rw section .tiny.noinit, rw section .vregs };
initialize by copy {
   rw section .far.bss, rw section .far.data, rw section .far_func.textrw,
   rw section .huge.bss, rw section .huge.data, rw section .huge_func.textrw,
   rw section .iar.dynexit, rw section .near.bss, rw section .near.data,
   rw section .near_func.textrw, rw section .tiny.bss, rw section .tiny.data,
   ro section .tiny.rodata };

No sections matched the following patterns:

  ro section .far.data_init          in "P3-P5"
  ro section .far.rodata             in "P3-P5"
  ro section .far_func.text          in "P3-P5"
  ro section .far_func.textrw_init   in "P3-P5"
  ro section .huge.data_init         in "P3-P5"
  ro section .huge.rodata            in "P3-P5"
  ro section .huge_func.text         in "P3-P5"
  ro section .huge_func.textrw_init  in "P3-P5"
  ro section .iar.init_table         in "P3-P5"
  ro section .init_array             in "P3-P5"
  ro section .near_func.textrw_init  in "P3-P5"
  ro section .tiny.data_init         in "P3-P5"
  ro section .tiny.rodata_init       in "P3-P5"
  ro section __DLIB_PERTHREAD_init   in "P3-P5"
  rw section .far.bss                in "P2"
  rw section .far.data               in "P2"
  rw section .far.noinit             in "P2"
  rw section .far_func.textrw        in "P2"
  rw section .huge.bss               in "P2"
  rw section .huge.data              in "P2"
  rw section .huge.noinit            in "P2"
  rw section .huge_func.textrw       in "P2"
  rw section .iar.dynexit            in "P2"
  rw section .near.noinit            in "P2"
  rw section .near_func.textrw       in "P2"
  rw section .tiny.bss               in "P1"
  rw section .tiny.data              in "P1"
  rw section .tiny.noinit            in "P1"
  rw section .tiny.rodata            in "P1"
  rw section __DLIB_PERTHREAD        in "P2"
  section .eeprom.data               in "P6-P8"
  section .eeprom.noinit             in "P6-P8"
  section .eeprom.rodata             in "P6-P8"


  Section            Kind      Address   Size  Object
  -------            ----      -------   ----  ------
"A0":                                    0x10
  .vregs             uninit   0x000000   0x10  vregs.o [4]
                            - 0x000010   0x10

"P2":                                    0x1e
  P2-1                        0x000010   0x1e  <Init block>
    .near.data       inited   0x000010   0x10  main.o [1]
    .near.bss        inited   0x000020    0x4  GlobalVar.o [1]
    .near.bss        inited   0x000024    0x1  GlobalVar.o [1]
    .near.bss        inited   0x000025    0x1  GlobalVar.o [1]
    .near.bss        inited   0x000026    0x8  SM16208.o [1]
                            - 0x00002e   0x1e

"A1":                                   0x100
  CSTACK                      0x000300  0x100  <Block>
    CSTACK           uninit   0x000300  0x100  <Block tail>
                            - 0x000400  0x100

"A2":                                    0x80
  INTVEC                      0x008000   0x80  <Block>
    .intvec          const    0x008000   0x80  interrupt.o [4]
                            - 0x008080   0x80

"P3-P5":                                0x775
  .near_func.text    ro code  0x008080  0x10e  stm8s_gpio.o [1]
  .near_func.text    ro code  0x00818e   0xf9  SM16208.o [1]
  .near_func.text    ro code  0x008287   0x9e  vreg_util.o [4]
  .near_func.text    ro code  0x008325   0x8b  stm8s_clk.o [1]
  .near_func.text    ro code  0x0083b0   0x69  SM16208.o [1]
  .near_func.text    ro code  0x008419   0x51  stm8s_tim4.o [1]
  .near_func.text    ro code  0x00846a   0x4e  stm8s_tim4.o [1]
  .near.rodata       const    0x0084b8   0x3e  stm8s_gpio.o [1]
  .near.rodata       const    0x0084f6   0x3e  stm8s_tim4.o [1]
  .near.rodata       const    0x008534   0x3d  stm8s_clk.o [1]
  .near_func.text    ro code  0x008571   0x3b  stm8s_it.o [1]
  .near_func.text    ro code  0x0085ac   0x3a  main.o [1]
  .near_func.text    ro code  0x0085e6   0x2f  stm8s_clk.o [1]
  .near_func.text    ro code  0x008615   0x2f  stm8s_tim4.o [1]
  .near_func.text    ro code  0x008644   0x28  init_small.o [4]
  .near_func.text    ro code  0x00866c   0x26  long_util.o [4]
  .near_func.text    ro code  0x008692   0x25  stm8s_it.o [1]
  .near_func.text    ro code  0x0086b7   0x23  stm8s_tim4.o [1]
  .near_func.text    ro code  0x0086da   0x23  stm8s_tim4.o [1]
  .iar.init_table    const    0x0086fd    0xa  - Linker created -
  .near_func.text    ro code  0x008707   0x1e  timer.o [1]
  Initializer bytes  const    0x008725   0x1e  <for P2-1>
  .near_func.text    ro code  0x008743   0x1b  timer.o [1]
  .near_func.text    ro code  0x00875e   0x19  long.o [4]
  .near_func.text    ro code  0x008777   0x14  init.o [4]
  .near_func.text    ro code  0x00878b   0x14  __dbg_xxexit.o [3]
  .near_func.text    ro code  0x00879f   0x13  cstartup.o [4]
  .near_func.text    ro code  0x0087b2    0x8  stm8s_gpio.o [1]
  .near_func.text    ro code  0x0087ba    0x7  stm8s_gpio.o [1]
  .near_func.text    ro code  0x0087c1    0x7  stm8s_gpio.o [1]
  .near_func.text    ro code  0x0087c8    0x7  short.o [4]
  .near_func.text    ro code  0x0087cf    0x5  cexit.o [4]
  .near_func.text    ro code  0x0087d4    0x3  interrupt.o [4]
  .near_func.text    ro code  0x0087d7    0x3  low_level_init.o [4]
  .near_func.text    ro code  0x0087da    0x3  exit.o [4]
  .near_func.text    ro code  0x0087dd    0x3  unhandled_exception.o [4]
  .near_func.text    ro code  0x0087e0    0x2  main.o [1]
  .near_func.text    ro code  0x0087e2    0x1  stm8s_it.o [1]
  .near_func.text    ro code  0x0087e3    0x1  stm8s_it.o [1]
  .near_func.text    ro code  0x0087e4    0x1  stm8s_it.o [1]
  .near_func.text    ro code  0x0087e5    0x1  stm8s_it.o [1]
  .near_func.text    ro code  0x0087e6    0x1  stm8s_it.o [1]
  .near_func.text    ro code  0x0087e7    0x1  stm8s_it.o [1]
  .near_func.text    ro code  0x0087e8    0x1  stm8s_it.o [1]
  .near_func.text    ro code  0x0087e9    0x1  stm8s_it.o [1]
  .near_func.text    ro code  0x0087ea    0x1  stm8s_it.o [1]
  .near_func.text    ro code  0x0087eb    0x1  stm8s_it.o [1]
  .near_func.text    ro code  0x0087ec    0x1  stm8s_it.o [1]
  .near_func.text    ro code  0x0087ed    0x1  stm8s_it.o [1]
  .near_func.text    ro code  0x0087ee    0x1  stm8s_it.o [1]
  .near_func.text    ro code  0x0087ef    0x1  stm8s_it.o [1]
  .near_func.text    ro code  0x0087f0    0x1  stm8s_it.o [1]
  .near_func.text    ro code  0x0087f1    0x1  stm8s_it.o [1]
  .near_func.text    ro code  0x0087f2    0x1  stm8s_it.o [1]
  .near_func.text    ro code  0x0087f3    0x1  stm8s_it.o [1]
  .near_func.text    ro code  0x0087f4    0x1  __dbg_break.o [3]
                            - 0x0087f5  0x775


*******************************************************************************
*** INIT TABLE
***

          Address   Size
          -------   ----
Copy (__iar_copy_init2)
    1 source range, total size 0x1e:
          0x008725  0x1e
    1 destination range, total size 0x1e:
          0x000010  0x1e



*******************************************************************************
*** MODULE SUMMARY
***

    Module                 ro code  ro data  rw data
    ------                 -------  -------  -------
F:\图形\SuperBlockPro\IAR\Debug\Obj: [1]
    GlobalVar.o                           6        6
    SM16208.o                  354        8        8
    main.o                      60       16       16
    stm8s_clk.o                186       61
    stm8s_gpio.o               292       62
    stm8s_it.o                 114
    stm8s_tim4.o               276       62
    timer.o                     57
    ------------------------------------------------
    Total:                   1 339      215       30

command line: [2]
    ------------------------------------------------
    Total:

dbgstm8smd.a: [3]
    __dbg_break.o                1
    __dbg_xxexit.o              20
    ------------------------------------------------
    Total:                      21

dlstm8smn.a: [4]
    cexit.o                      5
    cstartup.o                  19
    exit.o                       3
    init.o                      20
    init_small.o                40
    interrupt.o                  3      128
    long.o                      25
    long_util.o                 38
    low_level_init.o             3
    short.o                      7
    unhandled_exception.o        3
    vreg_util.o                158
    vregs.o                                       16
    ------------------------------------------------
    Total:                     324      128       16

    Linker created                       10      256
----------------------------------------------------
    Grand Total:             1 684      353      302


*******************************************************************************
*** ENTRY LIST
***

Entry                    Address   Size  Type      Object
-----                    -------   ----  ----      ------
.iar.init_table$$Base   0x0086fd          --   Gb  - Linker created -
.iar.init_table$$Limit  0x008707          --   Gb  - Linker created -
?b0                     0x000000         Data  Gb  vregs.o [4]
?b1                     0x000001         Data  Gb  vregs.o [4]
?b10                    0x00000a         Data  Gb  vregs.o [4]
?b11                    0x00000b         Data  Gb  vregs.o [4]
?b12                    0x00000c         Data  Gb  vregs.o [4]
?b13                    0x00000d         Data  Gb  vregs.o [4]
?b14                    0x00000e         Data  Gb  vregs.o [4]
?b15                    0x00000f         Data  Gb  vregs.o [4]
?b2                     0x000002         Data  Gb  vregs.o [4]
?b3                     0x000003         Data  Gb  vregs.o [4]
?b4                     0x000004         Data  Gb  vregs.o [4]
?b5                     0x000005         Data  Gb  vregs.o [4]
?b6                     0x000006         Data  Gb  vregs.o [4]
?b7                     0x000007         Data  Gb  vregs.o [4]
?b8                     0x000008         Data  Gb  vregs.o [4]
?b9                     0x000009         Data  Gb  vregs.o [4]
?dec32_0x_0x            0x008763         Code  Gb  long.o [4]
?dec32_l0_l0            0x00875e         Code  Gb  long.o [4]
?e0                     0x000001         Data  Gb  vregs.o [4]
?e1                     0x000005         Data  Gb  vregs.o [4]
?e2                     0x000009         Data  Gb  vregs.o [4]
?e3                     0x00000d         Data  Gb  vregs.o [4]
?epilogue_l2            0x00830f         Code  Gb  vreg_util.o [4]
?epilogue_l2_w6         0x008313         Code  Gb  vreg_util.o [4]
?epilogue_w4            0x00831a         Code  Gb  vreg_util.o [4]
?l0                     0x000000         Data  Gb  vregs.o [4]
?l1                     0x000004         Data  Gb  vregs.o [4]
?l2                     0x000008         Data  Gb  vregs.o [4]
?l3                     0x00000c         Data  Gb  vregs.o [4]
?load32_0x_l0           0x008684         Code  Gb  long_util.o [4]
?load32_l0_0x           0x00866c         Code  Gb  long_util.o [4]
?load32_l1_0x           0x008678         Code  Gb  long_util.o [4]
?mov_w5_w6              0x00831e         Code  Gb  vreg_util.o [4]
?pop_l0                 0x0082e6         Code  Gb  vreg_util.o [4]
?pop_l1                 0x0082f1         Code  Gb  vreg_util.o [4]
?pop_l2                 0x0082fc         Code  Gb  vreg_util.o [4]
?pop_w4                 0x0082a4         Code  Gb  vreg_util.o [4]
?pop_w6                 0x0082ab         Code  Gb  vreg_util.o [4]
?push_l0                0x0082ba         Code  Gb  vreg_util.o [4]
?push_l1                0x0082bf         Code  Gb  vreg_util.o [4]
?push_l2                0x0082c4         Code  Gb  vreg_util.o [4]
?push_w4                0x008287         Code  Gb  vreg_util.o [4]
?push_w6                0x00828c         Code  Gb  vreg_util.o [4]
?sll16_x_x_4            0x0087ca         Code  Gb  short.o [4]
?sll16_x_x_5            0x0087c9         Code  Gb  short.o [4]
?sll16_x_x_6            0x0087c8         Code  Gb  short.o [4]
?w0                     0x000000         Data  Gb  vregs.o [4]
?w1                     0x000002         Data  Gb  vregs.o [4]
?w2                     0x000004         Data  Gb  vregs.o [4]
?w3                     0x000006         Data  Gb  vregs.o [4]
?w4                     0x000008         Data  Gb  vregs.o [4]
?w5                     0x00000a         Data  Gb  vregs.o [4]
?w6                     0x00000c         Data  Gb  vregs.o [4]
?w7                     0x00000e         Data  Gb  vregs.o [4]
ADC1_IRQHandler         0x0087f2    0x1  Code  Gb  stm8s_it.o [1]
AWU_IRQHandler          0x0087e4    0x1  Code  Gb  stm8s_it.o [1]
CLK_HSICmd              0x0085e6   0x2f  Code  Gb  stm8s_clk.o [1]
CLK_IRQHandler          0x0087e5    0x1  Code  Gb  stm8s_it.o [1]
CLK_SYSCLKConfig        0x008325   0x8b  Code  Gb  stm8s_clk.o [1]
CSTACK$$Base            0x000300          --   Gb  - Linker created -
CSTACK$$Limit           0x000400          --   Gb  - Linker created -
EEPROM_EEC_IRQHandler   0x0087f3    0x1  Code  Gb  stm8s_it.o [1]
EXTI_PORTA_IRQHandler   0x0087e6    0x1  Code  Gb  stm8s_it.o [1]
EXTI_PORTB_IRQHandler   0x0087e7    0x1  Code  Gb  stm8s_it.o [1]
EXTI_PORTC_IRQHandler   0x0087e8    0x1  Code  Gb  stm8s_it.o [1]
EXTI_PORTD_IRQHandler   0x008692   0x25  Code  Gb  stm8s_it.o [1]
EXTI_PORTE_IRQHandler   0x0087e9    0x1  Code  Gb  stm8s_it.o [1]
GPIO_Init               0x008080  0x10e  Code  Gb  stm8s_gpio.o [1]
GPIO_ReadInputPin       0x0087c1    0x7  Code  Gb  stm8s_gpio.o [1]
GPIO_WriteHigh          0x0087ba    0x7  Code  Gb  stm8s_gpio.o [1]
GPIO_WriteLow           0x0087b2    0x8  Code  Gb  stm8s_gpio.o [1]
I2C_IRQHandler          0x0087f1    0x1  Code  Gb  stm8s_it.o [1]
INTVEC$$Base            0x008000          --   Gb  - Linker created -
INTVEC$$Limit           0x008080          --   Gb  - Linker created -
Region$$Table$$Base     0x0086fd          --   Gb  - Linker created -
Region$$Table$$Limit    0x008707          --   Gb  - Linker created -
SM16208_Init            0x0083b0   0x69  Code  Gb  SM16208.o [1]
SPI_IRQHandler          0x0087ea    0x1  Code  Gb  stm8s_it.o [1]
TIM1_CAP_COM_IRQHandler
                        0x0087ec    0x1  Code  Gb  stm8s_it.o [1]
TIM1_UPD_OVF_TRG_BRK_IRQHandler
                        0x0087eb    0x1  Code  Gb  stm8s_it.o [1]
TIM2_CAP_COM_IRQHandler
                        0x0087ee    0x1  Code  Gb  stm8s_it.o [1]
TIM2_UPD_OVF_BRK_IRQHandler
                        0x0087ed    0x1  Code  Gb  stm8s_it.o [1]
TIM4_ClearFlag          0x0086b7   0x23  Code  Gb  stm8s_tim4.o [1]
TIM4_ClearITPendingBit  0x0086da   0x23  Code  Gb  stm8s_tim4.o [1]
TIM4_Cmd                0x008615   0x2f  Code  Gb  stm8s_tim4.o [1]
TIM4_Config             0x008707   0x1e  Code  Gb  timer.o [1]
TIM4_ITConfig           0x00846a   0x4e  Code  Gb  stm8s_tim4.o [1]
TIM4_TimeBaseInit       0x008419   0x51  Code  Gb  stm8s_tim4.o [1]
TIM4_UPD_OVF_IRQHandler
                        0x008571   0x3b  Code  Gb  stm8s_it.o [1]
TLI_IRQHandler          0x0087e3    0x1  Code  Gb  stm8s_it.o [1]
TRAP_IRQHandler         0x0087e2    0x1  Code  Gb  stm8s_it.o [1]
TimingDelay             0x000020    0x4  Data  Gb  GlobalVar.o [1]
UART1_RX_IRQHandler     0x0087f0    0x1  Code  Gb  stm8s_it.o [1]
UART1_TX_IRQHandler     0x0087ef    0x1  Code  Gb  stm8s_it.o [1]
__DebugBreak            0x0087f4    0x1  Code  Gb  __dbg_break.o [3]
__exit                  0x00878b   0x14  Code  Gb  __dbg_xxexit.o [3]
__iar_copy_init2        0x008644         Code  Gb  init_small.o [4]
__iar_data_init2        0x008777   0x14  Code  Gb  init.o [4]
__iar_program_start     0x00879f         Code  Gb  cstartup.o [4]
__iar_unhandled_exception
                        0x0087dd         Code  Gb  unhandled_exception.o [4]
__intvec                0x008000         Data  Gb  interrupt.o [4]
__low_level_init        0x0087d7    0x3  Code  Gb  low_level_init.o [4]
_exit                   0x0087cf         Code  Gb  cexit.o [4]
_interrupt_1            0x0087e2         Code  Gb  stm8s_it.o [1]
_interrupt_12           0x0087ea         Code  Gb  stm8s_it.o [1]
_interrupt_13           0x0087eb         Code  Gb  stm8s_it.o [1]
_interrupt_14           0x0087ec         Code  Gb  stm8s_it.o [1]
_interrupt_15           0x0087ed         Code  Gb  stm8s_it.o [1]
_interrupt_16           0x0087ee         Code  Gb  stm8s_it.o [1]
_interrupt_19           0x0087ef         Code  Gb  stm8s_it.o [1]
_interrupt_2            0x0087e3         Code  Gb  stm8s_it.o [1]
_interrupt_20           0x0087f0         Code  Gb  stm8s_it.o [1]
_interrupt_21           0x0087f1         Code  Gb  stm8s_it.o [1]
_interrupt_24           0x0087f2         Code  Gb  stm8s_it.o [1]
_interrupt_25           0x008571         Code  Gb  stm8s_it.o [1]
_interrupt_26           0x0087f3         Code  Gb  stm8s_it.o [1]
_interrupt_3            0x0087e4         Code  Gb  stm8s_it.o [1]
_interrupt_4            0x0087e5         Code  Gb  stm8s_it.o [1]
_interrupt_5            0x0087e6         Code  Gb  stm8s_it.o [1]
_interrupt_6            0x0087e7         Code  Gb  stm8s_it.o [1]
_interrupt_7            0x0087e8         Code  Gb  stm8s_it.o [1]
_interrupt_8            0x008692         Code  Gb  stm8s_it.o [1]
_interrupt_9            0x0087e9         Code  Gb  stm8s_it.o [1]
assert_failed           0x0087e0    0x2  Code  Gb  main.o [1]
debugData1              0x000025    0x1  Data  Gb  GlobalVar.o [1]
delay_ms                0x008743   0x1b  Code  Gb  timer.o [1]
display_matrix          0x00818e   0xf9  Code  Gb  SM16208.o [1]
exit                    0x0087da    0x3  Code  Gb  exit.o [4]
fall_flag               0x000024    0x1  Data  Gb  GlobalVar.o [1]
image_arr               0x000010   0x10  Data  Gb  main.o [1]
key_arr                 0x000026    0x8  Data  Gb  SM16208.o [1]
main                    0x0085ac   0x3a  Code  Gb  main.o [1]


[1] = F:\图形\SuperBlockPro\IAR\Debug\Obj
[2] = command line
[3] = dbgstm8smd.a
[4] = dlstm8smn.a

  1 684 bytes of readonly  code memory
    353 bytes of readonly  data memory
    302 bytes of readwrite data memory

Errors: none
Warnings: none
