<html>
<body>
<pre>
<h1>µVision Build Log</h1>
<h2>Tool Versions:</h2>
IDE-Version: ¦ÌVision V5.33.0.0
Copyright (C) 2020 ARM Ltd and ARM Germany GmbH. All rights reserved.
License Information: liu zj, hsComp, LIC=CZLZX-HDPC4-74VS0-BEJDW-E4BUR-I4SXF
 
Tool Versions:
Toolchain:       MDK-ARM Plus  Version: 5.33.0.0
Toolchain Path:  C:\Keil_v5\ARM\ARMCC\Bin
C Compiler:      Armcc.exe V5.06 update 7 (build 960)
Assembler:       Armasm.exe V5.06 update 7 (build 960)
Linker/Locator:  ArmLink.exe V5.06 update 7 (build 960)
Library Manager: ArmAr.exe V5.06 update 7 (build 960)
Hex Converter:   FromElf.exe V5.06 update 7 (build 960)
CPU DLL:         SARMCM3.DLL V5.33.0.0
Dialog DLL:      DARMCM1.DLL V1.19.4.0
Target DLL:      STLink\ST-LINKIII-KEIL_SWO.dll V3.0.8.0
Dialog DLL:      TARMCM1.DLL V1.14.3.0
 
<h2>Project:</h2>
F:\SuperBlock\SuperBlockPro\MDK\GPIO_Toggle.uvprojx
Project File Date:  08/15/2026

<h2>Output:</h2>
*** Using Compiler 'V5.06 update 7 (build 960)', folder: 'C:\Keil_v5\ARM\ARMCC\Bin'
Build target 'APM32E030'
creating preprocessor file for system_apm32e030.c...
assembling startup_apm32e030.s...
creating preprocessor file for apm32e030_crc.c...
creating preprocessor file for apm32e030_fmc.c...
creating preprocessor file for apm32e030_dma.c...
creating preprocessor file for apm32e030_adc.c...
creating preprocessor file for apm32e030_dbg.c...
creating preprocessor file for apm32e030_eint.c...
compiling system_apm32e030.c...
compiling apm32e030_eint.c...
compiling apm32e030_adc.c...
compiling apm32e030_dbg.c...
creating preprocessor file for apm32e030_gpio.c...
compiling apm32e030_dma.c...
creating preprocessor file for apm32e030_iwdt.c...
compiling apm32e030_crc.c...
creating preprocessor file for apm32e030_i2c.c...
creating preprocessor file for apm32e030_misc.c...
compiling apm32e030_fmc.c...
compiling apm32e030_i2c.c...
creating preprocessor file for apm32e030_ob.c...
creating preprocessor file for apm32e030_pmu.c...
compiling apm32e030_iwdt.c...
creating preprocessor file for apm32e030_rcm.c...
creating preprocessor file for apm32e030_rtc.c...
compiling apm32e030_misc.c...
compiling apm32e030_gpio.c...
creating preprocessor file for apm32e030_spi.c...
compiling apm32e030_ob.c...
compiling apm32e030_pmu.c...
creating preprocessor file for apm32e030_syscfg.c...
creating preprocessor file for apm32e030_tmr.c...
creating preprocessor file for apm32e030_wwdt.c...
compiling apm32e030_rcm.c...
creating preprocessor file for apm32e030_int.c...
creating preprocessor file for apm32e030_usart.c...
compiling apm32e030_rtc.c...
creating preprocessor file for main.c...
compiling apm32e030_syscfg.c...
compiling apm32e030_usart.c...
compiling apm32e030_spi.c...
creating preprocessor file for audio.c...
creating preprocessor file for GlobalVar.c...
creating preprocessor file for timer.c...
compiling apm32e030_wwdt.c...
compiling apm32e030_tmr.c...
creating preprocessor file for GPIO.c...
compiling apm32e030_int.c...
..\Src\timer.h(9): warning:  #1-D: last line of file ends without a newline
  #endif
..\Src\GPIO.h(14): warning:  #1-D: last line of file ends without a newline
  #endif
..\Src\audio.h(35): warning:  #1-D: last line of file ends without a newline
  #endif
..\Src\SM16208.h(70): warning:  #1295-D: Deprecated declaration process_key_events - give arg types
  void process_key_events();
..\Src\SM16208.h(73): warning:  #1-D: last line of file ends without a newline
  #endif
..\Src\GlobalVar.h(37): warning:  #1-D: last line of file ends without a newline
  #endif
..\Src\apm32e030_int.c: 6 warnings, 0 errors
creating preprocessor file for SM16208.c...
compiling main.c...
..\Src\timer.h(9): warning:  #1-D: last line of file ends without a newline
  #endif
..\Src\GPIO.h(14): warning:  #1-D: last line of file ends without a newline
  #endif
..\Src\audio.h(35): warning:  #1-D: last line of file ends without a newline
  #endif
..\Src\SM16208.h(70): warning:  #1295-D: Deprecated declaration process_key_events - give arg types
  void process_key_events();
..\Src\SM16208.h(73): warning:  #1-D: last line of file ends without a newline
  #endif
..\Src\GlobalVar.h(37): warning:  #1-D: last line of file ends without a newline
  #endif
..\Src\main.c: 6 warnings, 0 errors
compiling audio.c...
..\Src\audio.h(35): warning:  #1-D: last line of file ends without a newline
  #endif
..\Src\GPIO.h(14): warning:  #1-D: last line of file ends without a newline
  #endif
..\Src\timer.h(9): warning:  #1-D: last line of file ends without a newline
  #endif
..\Src\SM16208.h(70): warning:  #1295-D: Deprecated declaration process_key_events - give arg types
  void process_key_events();
..\Src\SM16208.h(73): warning:  #1-D: last line of file ends without a newline
  #endif
..\Src\GlobalVar.h(37): warning:  #1-D: last line of file ends without a newline
  #endif
..\Src\audio.c(249): warning:  #1-D: last line of file ends without a newline
  }
..\Src\audio.c: 7 warnings, 0 errors
compiling GlobalVar.c...
..\Src\timer.h(9): warning:  #1-D: last line of file ends without a newline
  #endif
..\Src\GPIO.h(14): warning:  #1-D: last line of file ends without a newline
  #endif
..\Src\audio.h(35): warning:  #1-D: last line of file ends without a newline
  #endif
..\Src\SM16208.h(70): warning:  #1295-D: Deprecated declaration process_key_events - give arg types
  void process_key_events();
..\Src\SM16208.h(73): warning:  #1-D: last line of file ends without a newline
  #endif
..\Src\GlobalVar.h(37): warning:  #1-D: last line of file ends without a newline
  #endif
..\Src\GlobalVar.c(40): warning:  #1-D: last line of file ends without a newline
  }
..\Src\GlobalVar.c: 7 warnings, 0 errors
compiling GPIO.c...
..\Src\GPIO.h(14): warning:  #1-D: last line of file ends without a newline
  #endif
..\Src\timer.h(9): warning:  #1-D: last line of file ends without a newline
  #endif
..\Src\audio.h(35): warning:  #1-D: last line of file ends without a newline
  #endif
..\Src\SM16208.h(70): warning:  #1295-D: Deprecated declaration process_key_events - give arg types
  void process_key_events();
..\Src\SM16208.h(73): warning:  #1-D: last line of file ends without a newline
  #endif
..\Src\GlobalVar.h(37): warning:  #1-D: last line of file ends without a newline
  #endif
..\Src\GPIO.c: 6 warnings, 0 errors
compiling SM16208.c...
..\Src\SM16208.h(70): warning:  #1295-D: Deprecated declaration process_key_events - give arg types
  void process_key_events();
..\Src\SM16208.h(73): warning:  #1-D: last line of file ends without a newline
  #endif
..\Src\timer.h(9): warning:  #1-D: last line of file ends without a newline
  #endif
..\Src\SM16208.c(51): warning:  #188-D: enumerated type mixed with another type
      SET_POWER_PIN(1);
..\Src\SM16208.c(122): warning:  #188-D: enumerated type mixed with another type
                  GPIO_WriteBitValue(SDI_GPIO,SDI_PIN,BIT_RESET);
..\Src\SM16208.c(126): warning:  #188-D: enumerated type mixed with another type
              GPIO_WriteBitValue(SCK_GPIO,SCK_PIN,BIT_RESET);
..\Src\SM16208.c(131): warning:  #188-D: enumerated type mixed with another type
          GPIO_WriteBitValue(LE_GPIO,LE_PIN,BIT_SET);
..\Src\SM16208.c(132): warning:  #188-D: enumerated type mixed with another type
          GPIO_WriteBitValue(LE_GPIO,LE_PIN,BIT_RESET);
..\Src\SM16208.c(135): warning:  #188-D: enumerated type mixed with another type
          GPIO_WriteBitValue(OE_GPIO,OE_PIN,BIT_SET);
..\Src\SM16208.c(139): warning:  #188-D: enumerated type mixed with another type
              GPIO_WriteBitValue(A2_GPIO,A2_PIN,BIT_SET);
..\Src\SM16208.c(141): warning:  #188-D: enumerated type mixed with another type
              GPIO_WriteBitValue(A2_GPIO,A2_PIN,BIT_RESET);
..\Src\SM16208.c(144): warning:  #188-D: enumerated type mixed with another type
              GPIO_WriteBitValue(A1_GPIO,A1_PIN,BIT_SET);
..\Src\SM16208.c(146): warning:  #188-D: enumerated type mixed with another type
              GPIO_WriteBitValue(A1_GPIO,A1_PIN,BIT_RESET);
..\Src\SM16208.c(149): warning:  #188-D: enumerated type mixed with another type
              GPIO_WriteBitValue(A0_GPIO,A0_PIN,BIT_SET);
..\Src\SM16208.c(151): warning:  #188-D: enumerated type mixed with another type
              GPIO_WriteBitValue(A0_GPIO,A0_PIN,BIT_RESET);
..\Src\SM16208.c(154): warning:  #188-D: enumerated type mixed with another type
          GPIO_WriteBitValue(OE_GPIO,OE_PIN,BIT_RESET);
..\Src\SM16208.c(203): warning:  #177-D: variable "mask"  was declared but never referenced
                  uint8_t mask = (1 << c);
..\Src\SM16208.c(193): warning:  #177-D: variable "press_events"  was declared but never referenced
              uint8_t press_events = changed_bits & key_filter[r];
..\Src\SM16208.c(196): warning:  #177-D: variable "release_events"  was declared but never referenced
              uint8_t release_events = changed_bits & (~key_filter[r]);
..\Src\SM16208.c(217): warning:  #1-D: last line of file ends without a newline
  }
..\Src\SM16208.c: 20 warnings, 0 errors
compiling timer.c...
..\Src\timer.h(9): warning:  #1-D: last line of file ends without a newline
  #endif
..\Src\GPIO.h(14): warning:  #1-D: last line of file ends without a newline
  #endif
..\Src\audio.h(35): warning:  #1-D: last line of file ends without a newline
  #endif
..\Src\SM16208.h(70): warning:  #1295-D: Deprecated declaration process_key_events - give arg types
  void process_key_events();
..\Src\SM16208.h(73): warning:  #1-D: last line of file ends without a newline
  #endif
..\Src\GlobalVar.h(37): warning:  #1-D: last line of file ends without a newline
  #endif
..\Src\timer.c(35): warning:  #223-D: function "NVIC_EnableIRQRequest" declared implicitly
      NVIC_EnableIRQRequest(TMR6_IRQn, 2);
..\Src\timer.c(70): warning:  #223-D: function "NVIC_EnableIRQRequest" declared implicitly
      NVIC_EnableIRQRequest(TMR17_IRQn, 2);
..\Src\timer.c(74): warning:  #1-D: last line of file ends without a newline
  }
..\Src\timer.c: 9 warnings, 0 errors
linking...
Program Size: Code=3220 RO-data=3224 RW-data=80 ZI-data=1048  
".\Out\APM32E030\GPIO_Toggle.axf" - 0 Error(s), 61 Warning(s).

<h2>Software Packages used:</h2>

Package Vendor: Geehy
                https://global.geehy.com/uploads/tool/Geehy.APM32E030_DFP.1.0.3.pack
                Geehy.APM32E030_DFP.1.0.3
                Geehy Semiconductor APM32E030 Series Device Support

<h2>Collection of Component include folders:</h2>
  C:\Users\liuzj\AppData\Local\Arm\Packs\Geehy\APM32E030_DFP\1.0.3\Device\Device\Geehy\APM32E030\Include

<h2>Collection of Component Files used:</h2>
Build Time Elapsed:  00:00:03
</pre>
</body>
</html>
