<!doctype html public "-//w3c//dtd html 4.0 transitional//en">
<html><head>
<title>Static Call Graph - [.\Out\APM32E030\GPIO_Toggle.axf]</title></head>
<body><HR>
<H1>Static Call Graph for image .\Out\APM32E030\GPIO_Toggle.axf</H1><HR>
<BR><P>#&#060CALLGRAPH&#062# ARM Linker, 5060960: Last Updated: Mon Aug 17 09:39:26 2026
<BR><P>
<H3>Maximum Stack Usage =         60 bytes + Unknown(Cycles, Untraceable Function Pointers)</H3><H3>
Call chain for Maximum Stack Depth:</H3>
main &rArr; SpeakerInit &rArr; GPIO_ConfigPinAF
<P>
<H3>
Mutually Recursive functions
</H3> <LI><a href="#[10]">ADC1_IRQHandler</a>&nbsp;&nbsp;&nbsp;&rArr;&nbsp;&nbsp;&nbsp;<a href="#[10]">ADC1_IRQHandler</a><BR>
</UL>
<P>
<H3>
Function Pointers
</H3><UL>
 <LI><a href="#[10]">ADC1_IRQHandler</a> from startup_apm32e030.o(.text) referenced from startup_apm32e030.o(RESET)
 <LI><a href="#[d]">DMA1_CH1_IRQHandler</a> from startup_apm32e030.o(.text) referenced from startup_apm32e030.o(RESET)
 <LI><a href="#[e]">DMA1_CH2_3_IRQHandler</a> from startup_apm32e030.o(.text) referenced from startup_apm32e030.o(RESET)
 <LI><a href="#[f]">DMA1_CH4_5_IRQHandler</a> from startup_apm32e030.o(.text) referenced from startup_apm32e030.o(RESET)
 <LI><a href="#[a]">EINT0_1_IRQHandler</a> from startup_apm32e030.o(.text) referenced from startup_apm32e030.o(RESET)
 <LI><a href="#[b]">EINT2_3_IRQHandler</a> from startup_apm32e030.o(.text) referenced from startup_apm32e030.o(RESET)
 <LI><a href="#[c]">EINT4_15_IRQHandler</a> from startup_apm32e030.o(.text) referenced from startup_apm32e030.o(RESET)
 <LI><a href="#[8]">FLASH_IRQHandler</a> from startup_apm32e030.o(.text) referenced from startup_apm32e030.o(RESET)
 <LI><a href="#[2]">HardFault_Handler</a> from apm32e030_int.o(i.HardFault_Handler) referenced from startup_apm32e030.o(RESET)
 <LI><a href="#[19]">I2C1_IRQHandler</a> from startup_apm32e030.o(.text) referenced from startup_apm32e030.o(RESET)
 <LI><a href="#[1a]">I2C2_IRQHandler</a> from startup_apm32e030.o(.text) referenced from startup_apm32e030.o(RESET)
 <LI><a href="#[1]">NMI_Handler</a> from apm32e030_int.o(i.NMI_Handler) referenced from startup_apm32e030.o(RESET)
 <LI><a href="#[4]">PendSV_Handler</a> from apm32e030_int.o(i.PendSV_Handler) referenced from startup_apm32e030.o(RESET)
 <LI><a href="#[9]">RCM_IRQHandler</a> from startup_apm32e030.o(.text) referenced from startup_apm32e030.o(RESET)
 <LI><a href="#[7]">RTC_IRQHandler</a> from startup_apm32e030.o(.text) referenced from startup_apm32e030.o(RESET)
 <LI><a href="#[0]">Reset_Handler</a> from startup_apm32e030.o(.text) referenced from startup_apm32e030.o(RESET)
 <LI><a href="#[1b]">SPI1_IRQHandler</a> from startup_apm32e030.o(.text) referenced from startup_apm32e030.o(RESET)
 <LI><a href="#[1c]">SPI2_IRQHandler</a> from startup_apm32e030.o(.text) referenced from startup_apm32e030.o(RESET)
 <LI><a href="#[3]">SVC_Handler</a> from apm32e030_int.o(i.SVC_Handler) referenced from startup_apm32e030.o(RESET)
 <LI><a href="#[5]">SysTick_Handler</a> from apm32e030_int.o(i.SysTick_Handler) referenced from startup_apm32e030.o(RESET)
 <LI><a href="#[20]">SystemInit</a> from system_apm32e030.o(i.SystemInit) referenced from startup_apm32e030.o(.text)
 <LI><a href="#[15]">TMR14_IRQHandler</a> from startup_apm32e030.o(.text) referenced from startup_apm32e030.o(RESET)
 <LI><a href="#[16]">TMR15_IRQHandler</a> from startup_apm32e030.o(.text) referenced from startup_apm32e030.o(RESET)
 <LI><a href="#[17]">TMR16_IRQHandler</a> from startup_apm32e030.o(.text) referenced from startup_apm32e030.o(RESET)
 <LI><a href="#[18]">TMR17_IRQHandler</a> from apm32e030_int.o(i.TMR17_IRQHandler) referenced from startup_apm32e030.o(RESET)
 <LI><a href="#[11]">TMR1_BRK_UP_TRG_COM_IRQHandler</a> from startup_apm32e030.o(.text) referenced from startup_apm32e030.o(RESET)
 <LI><a href="#[12]">TMR1_CC_IRQHandler</a> from startup_apm32e030.o(.text) referenced from startup_apm32e030.o(RESET)
 <LI><a href="#[13]">TMR3_IRQHandler</a> from startup_apm32e030.o(.text) referenced from startup_apm32e030.o(RESET)
 <LI><a href="#[14]">TMR6_IRQHandler</a> from apm32e030_int.o(i.TMR6_IRQHandler) referenced from startup_apm32e030.o(RESET)
 <LI><a href="#[1d]">USART1_IRQHandler</a> from startup_apm32e030.o(.text) referenced from startup_apm32e030.o(RESET)
 <LI><a href="#[1e]">USART2_IRQHandler</a> from startup_apm32e030.o(.text) referenced from startup_apm32e030.o(RESET)
 <LI><a href="#[6]">WWDT_IRQHandler</a> from startup_apm32e030.o(.text) referenced from startup_apm32e030.o(RESET)
 <LI><a href="#[21]">__main</a> from entry.o(.ARM.Collect$$$$00000000) referenced from startup_apm32e030.o(.text)
 <LI><a href="#[1f]">main</a> from main.o(i.main) referenced from entry9a.o(.ARM.Collect$$$$0000000B)
</UL>
<P>
<H3>
Global Symbols
</H3>
<P><STRONG><a name="[21]"></a>__main</STRONG> (Thumb, 0 bytes, Stack size unknown bytes, entry.o(.ARM.Collect$$$$00000000))
<BR>[Address Reference Count : 1]<UL><LI> startup_apm32e030.o(.text)
</UL>
<P><STRONG><a name="[48]"></a>_main_stk</STRONG> (Thumb, 0 bytes, Stack size unknown bytes, entry2.o(.ARM.Collect$$$$00000001))

<P><STRONG><a name="[22]"></a>_main_scatterload</STRONG> (Thumb, 0 bytes, Stack size unknown bytes, entry5.o(.ARM.Collect$$$$00000004))
<BR><BR>[Calls]<UL><LI><a href="#[23]">&gt;&gt;</a>&nbsp;&nbsp;&nbsp;__scatterload
</UL>

<P><STRONG><a name="[28]"></a>__main_after_scatterload</STRONG> (Thumb, 0 bytes, Stack size unknown bytes, entry5.o(.ARM.Collect$$$$00000004))
<BR><BR>[Called By]<UL><LI><a href="#[23]">&gt;&gt;</a>&nbsp;&nbsp;&nbsp;__scatterload
</UL>

<P><STRONG><a name="[49]"></a>_main_clock</STRONG> (Thumb, 0 bytes, Stack size unknown bytes, entry7b.o(.ARM.Collect$$$$00000008))

<P><STRONG><a name="[4a]"></a>_main_cpp_init</STRONG> (Thumb, 0 bytes, Stack size unknown bytes, entry8b.o(.ARM.Collect$$$$0000000A))

<P><STRONG><a name="[4b]"></a>_main_init</STRONG> (Thumb, 0 bytes, Stack size unknown bytes, entry9a.o(.ARM.Collect$$$$0000000B))

<P><STRONG><a name="[24]"></a>__rt_lib_shutdown_fini</STRONG> (Thumb, 0 bytes, Stack size unknown bytes, entry12b.o(.ARM.Collect$$$$0000000E))
<BR><BR>[Calls]<UL><LI><a href="#[25]">&gt;&gt;</a>&nbsp;&nbsp;&nbsp;__arm_fini_ (Weak Reference)
</UL>

<P><STRONG><a name="[4c]"></a>__rt_final_cpp</STRONG> (Thumb, 0 bytes, Stack size unknown bytes, entry10a.o(.ARM.Collect$$$$0000000F))

<P><STRONG><a name="[4d]"></a>__rt_final_exit</STRONG> (Thumb, 0 bytes, Stack size unknown bytes, entry11a.o(.ARM.Collect$$$$00000011))

<P><STRONG><a name="[0]"></a>Reset_Handler</STRONG> (Thumb, 8 bytes, Stack size 0 bytes, startup_apm32e030.o(.text))
<BR>[Address Reference Count : 1]<UL><LI> startup_apm32e030.o(RESET)
</UL>
<P><STRONG><a name="[10]"></a>ADC1_IRQHandler</STRONG> (Thumb, 0 bytes, Stack size 0 bytes, startup_apm32e030.o(.text))
<BR><BR>[Calls]<UL><LI><a href="#[10]">&gt;&gt;</a>&nbsp;&nbsp;&nbsp;ADC1_IRQHandler
</UL>
<BR>[Called By]<UL><LI><a href="#[10]">&gt;&gt;</a>&nbsp;&nbsp;&nbsp;ADC1_IRQHandler
</UL>
<BR>[Address Reference Count : 1]<UL><LI> startup_apm32e030.o(RESET)
</UL>
<P><STRONG><a name="[d]"></a>DMA1_CH1_IRQHandler</STRONG> (Thumb, 0 bytes, Stack size 0 bytes, startup_apm32e030.o(.text))
<BR>[Address Reference Count : 1]<UL><LI> startup_apm32e030.o(RESET)
</UL>
<P><STRONG><a name="[e]"></a>DMA1_CH2_3_IRQHandler</STRONG> (Thumb, 0 bytes, Stack size 0 bytes, startup_apm32e030.o(.text))
<BR>[Address Reference Count : 1]<UL><LI> startup_apm32e030.o(RESET)
</UL>
<P><STRONG><a name="[f]"></a>DMA1_CH4_5_IRQHandler</STRONG> (Thumb, 0 bytes, Stack size 0 bytes, startup_apm32e030.o(.text))
<BR>[Address Reference Count : 1]<UL><LI> startup_apm32e030.o(RESET)
</UL>
<P><STRONG><a name="[a]"></a>EINT0_1_IRQHandler</STRONG> (Thumb, 0 bytes, Stack size 0 bytes, startup_apm32e030.o(.text))
<BR>[Address Reference Count : 1]<UL><LI> startup_apm32e030.o(RESET)
</UL>
<P><STRONG><a name="[b]"></a>EINT2_3_IRQHandler</STRONG> (Thumb, 0 bytes, Stack size 0 bytes, startup_apm32e030.o(.text))
<BR>[Address Reference Count : 1]<UL><LI> startup_apm32e030.o(RESET)
</UL>
<P><STRONG><a name="[c]"></a>EINT4_15_IRQHandler</STRONG> (Thumb, 0 bytes, Stack size 0 bytes, startup_apm32e030.o(.text))
<BR>[Address Reference Count : 1]<UL><LI> startup_apm32e030.o(RESET)
</UL>
<P><STRONG><a name="[8]"></a>FLASH_IRQHandler</STRONG> (Thumb, 0 bytes, Stack size 0 bytes, startup_apm32e030.o(.text))
<BR>[Address Reference Count : 1]<UL><LI> startup_apm32e030.o(RESET)
</UL>
<P><STRONG><a name="[19]"></a>I2C1_IRQHandler</STRONG> (Thumb, 0 bytes, Stack size 0 bytes, startup_apm32e030.o(.text))
<BR>[Address Reference Count : 1]<UL><LI> startup_apm32e030.o(RESET)
</UL>
<P><STRONG><a name="[1a]"></a>I2C2_IRQHandler</STRONG> (Thumb, 0 bytes, Stack size 0 bytes, startup_apm32e030.o(.text))
<BR>[Address Reference Count : 1]<UL><LI> startup_apm32e030.o(RESET)
</UL>
<P><STRONG><a name="[9]"></a>RCM_IRQHandler</STRONG> (Thumb, 0 bytes, Stack size 0 bytes, startup_apm32e030.o(.text))
<BR>[Address Reference Count : 1]<UL><LI> startup_apm32e030.o(RESET)
</UL>
<P><STRONG><a name="[7]"></a>RTC_IRQHandler</STRONG> (Thumb, 0 bytes, Stack size 0 bytes, startup_apm32e030.o(.text))
<BR>[Address Reference Count : 1]<UL><LI> startup_apm32e030.o(RESET)
</UL>
<P><STRONG><a name="[1b]"></a>SPI1_IRQHandler</STRONG> (Thumb, 0 bytes, Stack size 0 bytes, startup_apm32e030.o(.text))
<BR>[Address Reference Count : 1]<UL><LI> startup_apm32e030.o(RESET)
</UL>
<P><STRONG><a name="[1c]"></a>SPI2_IRQHandler</STRONG> (Thumb, 0 bytes, Stack size 0 bytes, startup_apm32e030.o(.text))
<BR>[Address Reference Count : 1]<UL><LI> startup_apm32e030.o(RESET)
</UL>
<P><STRONG><a name="[15]"></a>TMR14_IRQHandler</STRONG> (Thumb, 0 bytes, Stack size 0 bytes, startup_apm32e030.o(.text))
<BR>[Address Reference Count : 1]<UL><LI> startup_apm32e030.o(RESET)
</UL>
<P><STRONG><a name="[16]"></a>TMR15_IRQHandler</STRONG> (Thumb, 0 bytes, Stack size 0 bytes, startup_apm32e030.o(.text))
<BR>[Address Reference Count : 1]<UL><LI> startup_apm32e030.o(RESET)
</UL>
<P><STRONG><a name="[17]"></a>TMR16_IRQHandler</STRONG> (Thumb, 0 bytes, Stack size 0 bytes, startup_apm32e030.o(.text))
<BR>[Address Reference Count : 1]<UL><LI> startup_apm32e030.o(RESET)
</UL>
<P><STRONG><a name="[11]"></a>TMR1_BRK_UP_TRG_COM_IRQHandler</STRONG> (Thumb, 0 bytes, Stack size 0 bytes, startup_apm32e030.o(.text))
<BR>[Address Reference Count : 1]<UL><LI> startup_apm32e030.o(RESET)
</UL>
<P><STRONG><a name="[12]"></a>TMR1_CC_IRQHandler</STRONG> (Thumb, 0 bytes, Stack size 0 bytes, startup_apm32e030.o(.text))
<BR>[Address Reference Count : 1]<UL><LI> startup_apm32e030.o(RESET)
</UL>
<P><STRONG><a name="[13]"></a>TMR3_IRQHandler</STRONG> (Thumb, 0 bytes, Stack size 0 bytes, startup_apm32e030.o(.text))
<BR>[Address Reference Count : 1]<UL><LI> startup_apm32e030.o(RESET)
</UL>
<P><STRONG><a name="[1d]"></a>USART1_IRQHandler</STRONG> (Thumb, 0 bytes, Stack size 0 bytes, startup_apm32e030.o(.text))
<BR>[Address Reference Count : 1]<UL><LI> startup_apm32e030.o(RESET)
</UL>
<P><STRONG><a name="[1e]"></a>USART2_IRQHandler</STRONG> (Thumb, 0 bytes, Stack size 0 bytes, startup_apm32e030.o(.text))
<BR>[Address Reference Count : 1]<UL><LI> startup_apm32e030.o(RESET)
</UL>
<P><STRONG><a name="[6]"></a>WWDT_IRQHandler</STRONG> (Thumb, 0 bytes, Stack size 0 bytes, startup_apm32e030.o(.text))
<BR>[Address Reference Count : 1]<UL><LI> startup_apm32e030.o(RESET)
</UL>
<P><STRONG><a name="[4e]"></a>__aeabi_uidiv</STRONG> (Thumb, 0 bytes, Stack size 12 bytes, uidiv.o(.text), UNUSED)

<P><STRONG><a name="[27]"></a>__aeabi_uidivmod</STRONG> (Thumb, 44 bytes, Stack size 12 bytes, uidiv.o(.text))
<BR><BR>[Stack]<UL><LI>Max Depth = 12<LI>Call Chain = __aeabi_uidivmod
</UL>
<BR>[Called By]<UL><LI><a href="#[26]">&gt;&gt;</a>&nbsp;&nbsp;&nbsp;__aeabi_idivmod
</UL>

<P><STRONG><a name="[4f]"></a>__aeabi_idiv</STRONG> (Thumb, 0 bytes, Stack size 16 bytes, idiv.o(.text), UNUSED)

<P><STRONG><a name="[26]"></a>__aeabi_idivmod</STRONG> (Thumb, 40 bytes, Stack size 16 bytes, idiv.o(.text))
<BR><BR>[Stack]<UL><LI>Max Depth = 28<LI>Call Chain = __aeabi_idivmod &rArr; __aeabi_uidivmod
</UL>
<BR>[Calls]<UL><LI><a href="#[27]">&gt;&gt;</a>&nbsp;&nbsp;&nbsp;__aeabi_uidivmod
</UL>
<BR>[Called By]<UL><LI><a href="#[18]">&gt;&gt;</a>&nbsp;&nbsp;&nbsp;TMR17_IRQHandler
</UL>

<P><STRONG><a name="[23]"></a>__scatterload</STRONG> (Thumb, 28 bytes, Stack size 0 bytes, init.o(.text))
<BR><BR>[Calls]<UL><LI><a href="#[28]">&gt;&gt;</a>&nbsp;&nbsp;&nbsp;__main_after_scatterload
</UL>
<BR>[Called By]<UL><LI><a href="#[22]">&gt;&gt;</a>&nbsp;&nbsp;&nbsp;_main_scatterload
</UL>

<P><STRONG><a name="[50]"></a>__scatterload_rt2</STRONG> (Thumb, 0 bytes, Stack size 0 bytes, init.o(.text), UNUSED)

<P><STRONG><a name="[45]"></a>ADPCM_Decode</STRONG> (Thumb, 170 bytes, Stack size 8 bytes, audio.o(i.ADPCM_Decode))
<BR><BR>[Stack]<UL><LI>Max Depth = 8<LI>Call Chain = ADPCM_Decode
</UL>
<BR>[Called By]<UL><LI><a href="#[18]">&gt;&gt;</a>&nbsp;&nbsp;&nbsp;TMR17_IRQHandler
</UL>

<P><STRONG><a name="[29]"></a>Audio_Sop</STRONG> (Thumb, 30 bytes, Stack size 8 bytes, audio.o(i.Audio_Sop))
<BR><BR>[Stack]<UL><LI>Max Depth = 8<LI>Call Chain = Audio_Sop
</UL>
<BR>[Calls]<UL><LI><a href="#[2b]">&gt;&gt;</a>&nbsp;&nbsp;&nbsp;TMR_DisablePWMOutputs
<LI><a href="#[2c]">&gt;&gt;</a>&nbsp;&nbsp;&nbsp;TMR_Disable
<LI><a href="#[2a]">&gt;&gt;</a>&nbsp;&nbsp;&nbsp;Set_Speaker_Duty
</UL>
<BR>[Called By]<UL><LI><a href="#[18]">&gt;&gt;</a>&nbsp;&nbsp;&nbsp;TMR17_IRQHandler
</UL>

<P><STRONG><a name="[2d]"></a>Audio_Start</STRONG> (Thumb, 40 bytes, Stack size 8 bytes, audio.o(i.Audio_Start))
<BR><BR>[Stack]<UL><LI>Max Depth = 8<LI>Call Chain = Audio_Start
</UL>
<BR>[Calls]<UL><LI><a href="#[2e]">&gt;&gt;</a>&nbsp;&nbsp;&nbsp;TMR_EnablePWMOutputs
<LI><a href="#[2f]">&gt;&gt;</a>&nbsp;&nbsp;&nbsp;TMR_Enable
</UL>
<BR>[Called By]<UL><LI><a href="#[1f]">&gt;&gt;</a>&nbsp;&nbsp;&nbsp;main
</UL>

<P><STRONG><a name="[30]"></a>EnableAllGpio</STRONG> (Thumb, 20 bytes, Stack size 8 bytes, gpio.o(i.EnableAllGpio))
<BR><BR>[Stack]<UL><LI>Max Depth = 8<LI>Call Chain = EnableAllGpio
</UL>
<BR>[Calls]<UL><LI><a href="#[31]">&gt;&gt;</a>&nbsp;&nbsp;&nbsp;RCM_EnableAHBPeriphClock
</UL>
<BR>[Called By]<UL><LI><a href="#[1f]">&gt;&gt;</a>&nbsp;&nbsp;&nbsp;main
</UL>

<P><STRONG><a name="[35]"></a>GPIO_Config</STRONG> (Thumb, 138 bytes, Stack size 16 bytes, apm32e030_gpio.o(i.GPIO_Config))
<BR><BR>[Stack]<UL><LI>Max Depth = 16<LI>Call Chain = GPIO_Config
</UL>
<BR>[Called By]<UL><LI><a href="#[37]">&gt;&gt;</a>&nbsp;&nbsp;&nbsp;SpeakerInit
<LI><a href="#[34]">&gt;&gt;</a>&nbsp;&nbsp;&nbsp;SM16208_Init
</UL>

<P><STRONG><a name="[39]"></a>GPIO_ConfigPinAF</STRONG> (Thumb, 70 bytes, Stack size 20 bytes, apm32e030_gpio.o(i.GPIO_ConfigPinAF))
<BR><BR>[Stack]<UL><LI>Max Depth = 20<LI>Call Chain = GPIO_ConfigPinAF
</UL>
<BR>[Called By]<UL><LI><a href="#[37]">&gt;&gt;</a>&nbsp;&nbsp;&nbsp;SpeakerInit
</UL>

<P><STRONG><a name="[36]"></a>GPIO_WriteBitValue</STRONG> (Thumb, 12 bytes, Stack size 0 bytes, apm32e030_gpio.o(i.GPIO_WriteBitValue))
<BR><BR>[Called By]<UL><LI><a href="#[34]">&gt;&gt;</a>&nbsp;&nbsp;&nbsp;SM16208_Init
</UL>

<P><STRONG><a name="[2]"></a>HardFault_Handler</STRONG> (Thumb, 2 bytes, Stack size 0 bytes, apm32e030_int.o(i.HardFault_Handler))
<BR>[Address Reference Count : 1]<UL><LI> startup_apm32e030.o(RESET)
</UL>
<P><STRONG><a name="[1]"></a>NMI_Handler</STRONG> (Thumb, 2 bytes, Stack size 0 bytes, apm32e030_int.o(i.NMI_Handler))
<BR>[Address Reference Count : 1]<UL><LI> startup_apm32e030.o(RESET)
</UL>
<P><STRONG><a name="[32]"></a>NVIC_EnableIRQRequest</STRONG> (Thumb, 44 bytes, Stack size 16 bytes, apm32e030_misc.o(i.NVIC_EnableIRQRequest))
<BR><BR>[Stack]<UL><LI>Max Depth = 24<LI>Call Chain = NVIC_EnableIRQRequest &rArr; __NVIC_SetPriority
</UL>
<BR>[Calls]<UL><LI><a href="#[33]">&gt;&gt;</a>&nbsp;&nbsp;&nbsp;__NVIC_SetPriority
</UL>
<BR>[Called By]<UL><LI><a href="#[42]">&gt;&gt;</a>&nbsp;&nbsp;&nbsp;TIM6_Config
<LI><a href="#[3f]">&gt;&gt;</a>&nbsp;&nbsp;&nbsp;TIM17_Config
</UL>

<P><STRONG><a name="[4]"></a>PendSV_Handler</STRONG> (Thumb, 2 bytes, Stack size 0 bytes, apm32e030_int.o(i.PendSV_Handler))
<BR>[Address Reference Count : 1]<UL><LI> startup_apm32e030.o(RESET)
</UL>
<P><STRONG><a name="[31]"></a>RCM_EnableAHBPeriphClock</STRONG> (Thumb, 12 bytes, Stack size 0 bytes, apm32e030_rcm.o(i.RCM_EnableAHBPeriphClock))
<BR><BR>[Called By]<UL><LI><a href="#[37]">&gt;&gt;</a>&nbsp;&nbsp;&nbsp;SpeakerInit
<LI><a href="#[30]">&gt;&gt;</a>&nbsp;&nbsp;&nbsp;EnableAllGpio
</UL>

<P><STRONG><a name="[40]"></a>RCM_EnableAPB1PeriphClock</STRONG> (Thumb, 12 bytes, Stack size 0 bytes, apm32e030_rcm.o(i.RCM_EnableAPB1PeriphClock))
<BR><BR>[Called By]<UL><LI><a href="#[42]">&gt;&gt;</a>&nbsp;&nbsp;&nbsp;TIM6_Config
<LI><a href="#[3f]">&gt;&gt;</a>&nbsp;&nbsp;&nbsp;TIM17_Config
</UL>

<P><STRONG><a name="[38]"></a>RCM_EnableAPB2PeriphClock</STRONG> (Thumb, 12 bytes, Stack size 0 bytes, apm32e030_rcm.o(i.RCM_EnableAPB2PeriphClock))
<BR><BR>[Called By]<UL><LI><a href="#[42]">&gt;&gt;</a>&nbsp;&nbsp;&nbsp;TIM6_Config
<LI><a href="#[3f]">&gt;&gt;</a>&nbsp;&nbsp;&nbsp;TIM17_Config
<LI><a href="#[37]">&gt;&gt;</a>&nbsp;&nbsp;&nbsp;SpeakerInit
</UL>

<P><STRONG><a name="[34]"></a>SM16208_Init</STRONG> (Thumb, 306 bytes, Stack size 16 bytes, sm16208.o(i.SM16208_Init))
<BR><BR>[Stack]<UL><LI>Max Depth = 32<LI>Call Chain = SM16208_Init &rArr; GPIO_Config
</UL>
<BR>[Calls]<UL><LI><a href="#[36]">&gt;&gt;</a>&nbsp;&nbsp;&nbsp;GPIO_WriteBitValue
<LI><a href="#[35]">&gt;&gt;</a>&nbsp;&nbsp;&nbsp;GPIO_Config
</UL>
<BR>[Called By]<UL><LI><a href="#[1f]">&gt;&gt;</a>&nbsp;&nbsp;&nbsp;main
</UL>

<P><STRONG><a name="[3]"></a>SVC_Handler</STRONG> (Thumb, 2 bytes, Stack size 0 bytes, apm32e030_int.o(i.SVC_Handler))
<BR>[Address Reference Count : 1]<UL><LI> startup_apm32e030.o(RESET)
</UL>
<P><STRONG><a name="[2a]"></a>Set_Speaker_Duty</STRONG> (Thumb, 20 bytes, Stack size 0 bytes, gpio.o(i.Set_Speaker_Duty))
<BR><BR>[Called By]<UL><LI><a href="#[29]">&gt;&gt;</a>&nbsp;&nbsp;&nbsp;Audio_Sop
<LI><a href="#[18]">&gt;&gt;</a>&nbsp;&nbsp;&nbsp;TMR17_IRQHandler
</UL>

<P><STRONG><a name="[37]"></a>SpeakerInit</STRONG> (Thumb, 180 bytes, Stack size 40 bytes, gpio.o(i.SpeakerInit))
<BR><BR>[Stack]<UL><LI>Max Depth = 60<LI>Call Chain = SpeakerInit &rArr; GPIO_ConfigPinAF
</UL>
<BR>[Calls]<UL><LI><a href="#[39]">&gt;&gt;</a>&nbsp;&nbsp;&nbsp;GPIO_ConfigPinAF
<LI><a href="#[35]">&gt;&gt;</a>&nbsp;&nbsp;&nbsp;GPIO_Config
<LI><a href="#[38]">&gt;&gt;</a>&nbsp;&nbsp;&nbsp;RCM_EnableAPB2PeriphClock
<LI><a href="#[31]">&gt;&gt;</a>&nbsp;&nbsp;&nbsp;RCM_EnableAHBPeriphClock
<LI><a href="#[3b]">&gt;&gt;</a>&nbsp;&nbsp;&nbsp;TMR_OC1Config
<LI><a href="#[2e]">&gt;&gt;</a>&nbsp;&nbsp;&nbsp;TMR_EnablePWMOutputs
<LI><a href="#[2f]">&gt;&gt;</a>&nbsp;&nbsp;&nbsp;TMR_Enable
<LI><a href="#[3a]">&gt;&gt;</a>&nbsp;&nbsp;&nbsp;TMR_ConfigTimeBase
<LI><a href="#[3c]">&gt;&gt;</a>&nbsp;&nbsp;&nbsp;TMR_OC2Config
</UL>
<BR>[Called By]<UL><LI><a href="#[1f]">&gt;&gt;</a>&nbsp;&nbsp;&nbsp;main
</UL>

<P><STRONG><a name="[5]"></a>SysTick_Handler</STRONG> (Thumb, 2 bytes, Stack size 0 bytes, apm32e030_int.o(i.SysTick_Handler))
<BR>[Address Reference Count : 1]<UL><LI> startup_apm32e030.o(RESET)
</UL>
<P><STRONG><a name="[20]"></a>SystemInit</STRONG> (Thumb, 120 bytes, Stack size 8 bytes, system_apm32e030.o(i.SystemInit))
<BR><BR>[Stack]<UL><LI>Max Depth = 16<LI>Call Chain = SystemInit &rArr; SystemClockConfig
</UL>
<BR>[Calls]<UL><LI><a href="#[3d]">&gt;&gt;</a>&nbsp;&nbsp;&nbsp;SystemClockConfig
</UL>
<BR>[Address Reference Count : 1]<UL><LI> startup_apm32e030.o(.text)
</UL>
<P><STRONG><a name="[3f]"></a>TIM17_Config</STRONG> (Thumb, 70 bytes, Stack size 16 bytes, timer.o(i.TIM17_Config))
<BR><BR>[Stack]<UL><LI>Max Depth = 40<LI>Call Chain = TIM17_Config &rArr; NVIC_EnableIRQRequest &rArr; __NVIC_SetPriority
</UL>
<BR>[Calls]<UL><LI><a href="#[32]">&gt;&gt;</a>&nbsp;&nbsp;&nbsp;NVIC_EnableIRQRequest
<LI><a href="#[38]">&gt;&gt;</a>&nbsp;&nbsp;&nbsp;RCM_EnableAPB2PeriphClock
<LI><a href="#[40]">&gt;&gt;</a>&nbsp;&nbsp;&nbsp;RCM_EnableAPB1PeriphClock
<LI><a href="#[41]">&gt;&gt;</a>&nbsp;&nbsp;&nbsp;TMR_EnableInterrupt
<LI><a href="#[2f]">&gt;&gt;</a>&nbsp;&nbsp;&nbsp;TMR_Enable
<LI><a href="#[3a]">&gt;&gt;</a>&nbsp;&nbsp;&nbsp;TMR_ConfigTimeBase
</UL>
<BR>[Called By]<UL><LI><a href="#[1f]">&gt;&gt;</a>&nbsp;&nbsp;&nbsp;main
</UL>

<P><STRONG><a name="[42]"></a>TIM6_Config</STRONG> (Thumb, 68 bytes, Stack size 16 bytes, timer.o(i.TIM6_Config))
<BR><BR>[Stack]<UL><LI>Max Depth = 40<LI>Call Chain = TIM6_Config &rArr; NVIC_EnableIRQRequest &rArr; __NVIC_SetPriority
</UL>
<BR>[Calls]<UL><LI><a href="#[32]">&gt;&gt;</a>&nbsp;&nbsp;&nbsp;NVIC_EnableIRQRequest
<LI><a href="#[38]">&gt;&gt;</a>&nbsp;&nbsp;&nbsp;RCM_EnableAPB2PeriphClock
<LI><a href="#[40]">&gt;&gt;</a>&nbsp;&nbsp;&nbsp;RCM_EnableAPB1PeriphClock
<LI><a href="#[41]">&gt;&gt;</a>&nbsp;&nbsp;&nbsp;TMR_EnableInterrupt
<LI><a href="#[2f]">&gt;&gt;</a>&nbsp;&nbsp;&nbsp;TMR_Enable
<LI><a href="#[3a]">&gt;&gt;</a>&nbsp;&nbsp;&nbsp;TMR_ConfigTimeBase
</UL>
<BR>[Called By]<UL><LI><a href="#[1f]">&gt;&gt;</a>&nbsp;&nbsp;&nbsp;main
</UL>

<P><STRONG><a name="[18]"></a>TMR17_IRQHandler</STRONG> (Thumb, 172 bytes, Stack size 24 bytes, apm32e030_int.o(i.TMR17_IRQHandler))
<BR><BR>[Stack]<UL><LI>Max Depth = 52<LI>Call Chain = TMR17_IRQHandler &rArr; __aeabi_idivmod &rArr; __aeabi_uidivmod
</UL>
<BR>[Calls]<UL><LI><a href="#[44]">&gt;&gt;</a>&nbsp;&nbsp;&nbsp;TMR_ClearIntFlag
<LI><a href="#[26]">&gt;&gt;</a>&nbsp;&nbsp;&nbsp;__aeabi_idivmod
<LI><a href="#[2a]">&gt;&gt;</a>&nbsp;&nbsp;&nbsp;Set_Speaker_Duty
<LI><a href="#[29]">&gt;&gt;</a>&nbsp;&nbsp;&nbsp;Audio_Sop
<LI><a href="#[45]">&gt;&gt;</a>&nbsp;&nbsp;&nbsp;ADPCM_Decode
<LI><a href="#[43]">&gt;&gt;</a>&nbsp;&nbsp;&nbsp;TMR_ReadIntFlag
</UL>
<BR>[Address Reference Count : 1]<UL><LI> startup_apm32e030.o(RESET)
</UL>
<P><STRONG><a name="[14]"></a>TMR6_IRQHandler</STRONG> (Thumb, 46 bytes, Stack size 8 bytes, apm32e030_int.o(i.TMR6_IRQHandler))
<BR><BR>[Stack]<UL><LI>Max Depth = 32<LI>Call Chain = TMR6_IRQHandler &rArr; process_key_events
</UL>
<BR>[Calls]<UL><LI><a href="#[44]">&gt;&gt;</a>&nbsp;&nbsp;&nbsp;TMR_ClearIntFlag
<LI><a href="#[46]">&gt;&gt;</a>&nbsp;&nbsp;&nbsp;process_key_events
<LI><a href="#[43]">&gt;&gt;</a>&nbsp;&nbsp;&nbsp;TMR_ReadIntFlag
</UL>
<BR>[Address Reference Count : 1]<UL><LI> startup_apm32e030.o(RESET)
</UL>
<P><STRONG><a name="[44]"></a>TMR_ClearIntFlag</STRONG> (Thumb, 6 bytes, Stack size 0 bytes, apm32e030_tmr.o(i.TMR_ClearIntFlag))
<BR><BR>[Called By]<UL><LI><a href="#[14]">&gt;&gt;</a>&nbsp;&nbsp;&nbsp;TMR6_IRQHandler
<LI><a href="#[18]">&gt;&gt;</a>&nbsp;&nbsp;&nbsp;TMR17_IRQHandler
</UL>

<P><STRONG><a name="[3a]"></a>TMR_ConfigTimeBase</STRONG> (Thumb, 128 bytes, Stack size 8 bytes, apm32e030_tmr.o(i.TMR_ConfigTimeBase))
<BR><BR>[Stack]<UL><LI>Max Depth = 8<LI>Call Chain = TMR_ConfigTimeBase
</UL>
<BR>[Called By]<UL><LI><a href="#[42]">&gt;&gt;</a>&nbsp;&nbsp;&nbsp;TIM6_Config
<LI><a href="#[3f]">&gt;&gt;</a>&nbsp;&nbsp;&nbsp;TIM17_Config
<LI><a href="#[37]">&gt;&gt;</a>&nbsp;&nbsp;&nbsp;SpeakerInit
</UL>

<P><STRONG><a name="[2c]"></a>TMR_Disable</STRONG> (Thumb, 10 bytes, Stack size 0 bytes, apm32e030_tmr.o(i.TMR_Disable))
<BR><BR>[Called By]<UL><LI><a href="#[29]">&gt;&gt;</a>&nbsp;&nbsp;&nbsp;Audio_Sop
</UL>

<P><STRONG><a name="[2b]"></a>TMR_DisablePWMOutputs</STRONG> (Thumb, 12 bytes, Stack size 0 bytes, apm32e030_tmr.o(i.TMR_DisablePWMOutputs))
<BR><BR>[Called By]<UL><LI><a href="#[29]">&gt;&gt;</a>&nbsp;&nbsp;&nbsp;Audio_Sop
</UL>

<P><STRONG><a name="[2f]"></a>TMR_Enable</STRONG> (Thumb, 12 bytes, Stack size 0 bytes, apm32e030_tmr.o(i.TMR_Enable))
<BR><BR>[Called By]<UL><LI><a href="#[42]">&gt;&gt;</a>&nbsp;&nbsp;&nbsp;TIM6_Config
<LI><a href="#[3f]">&gt;&gt;</a>&nbsp;&nbsp;&nbsp;TIM17_Config
<LI><a href="#[37]">&gt;&gt;</a>&nbsp;&nbsp;&nbsp;SpeakerInit
<LI><a href="#[2d]">&gt;&gt;</a>&nbsp;&nbsp;&nbsp;Audio_Start
</UL>

<P><STRONG><a name="[41]"></a>TMR_EnableInterrupt</STRONG> (Thumb, 8 bytes, Stack size 0 bytes, apm32e030_tmr.o(i.TMR_EnableInterrupt))
<BR><BR>[Called By]<UL><LI><a href="#[42]">&gt;&gt;</a>&nbsp;&nbsp;&nbsp;TIM6_Config
<LI><a href="#[3f]">&gt;&gt;</a>&nbsp;&nbsp;&nbsp;TIM17_Config
</UL>

<P><STRONG><a name="[2e]"></a>TMR_EnablePWMOutputs</STRONG> (Thumb, 14 bytes, Stack size 0 bytes, apm32e030_tmr.o(i.TMR_EnablePWMOutputs))
<BR><BR>[Called By]<UL><LI><a href="#[37]">&gt;&gt;</a>&nbsp;&nbsp;&nbsp;SpeakerInit
<LI><a href="#[2d]">&gt;&gt;</a>&nbsp;&nbsp;&nbsp;Audio_Start
</UL>

<P><STRONG><a name="[3b]"></a>TMR_OC1Config</STRONG> (Thumb, 188 bytes, Stack size 8 bytes, apm32e030_tmr.o(i.TMR_OC1Config))
<BR><BR>[Stack]<UL><LI>Max Depth = 8<LI>Call Chain = TMR_OC1Config
</UL>
<BR>[Called By]<UL><LI><a href="#[37]">&gt;&gt;</a>&nbsp;&nbsp;&nbsp;SpeakerInit
</UL>

<P><STRONG><a name="[3c]"></a>TMR_OC2Config</STRONG> (Thumb, 196 bytes, Stack size 8 bytes, apm32e030_tmr.o(i.TMR_OC2Config))
<BR><BR>[Stack]<UL><LI>Max Depth = 8<LI>Call Chain = TMR_OC2Config
</UL>
<BR>[Called By]<UL><LI><a href="#[37]">&gt;&gt;</a>&nbsp;&nbsp;&nbsp;SpeakerInit
</UL>

<P><STRONG><a name="[43]"></a>TMR_ReadIntFlag</STRONG> (Thumb, 26 bytes, Stack size 0 bytes, apm32e030_tmr.o(i.TMR_ReadIntFlag))
<BR><BR>[Called By]<UL><LI><a href="#[14]">&gt;&gt;</a>&nbsp;&nbsp;&nbsp;TMR6_IRQHandler
<LI><a href="#[18]">&gt;&gt;</a>&nbsp;&nbsp;&nbsp;TMR17_IRQHandler
</UL>

<P><STRONG><a name="[51]"></a>__scatterload_copy</STRONG> (Thumb, 14 bytes, Stack size unknown bytes, handlers.o(i.__scatterload_copy), UNUSED)

<P><STRONG><a name="[52]"></a>__scatterload_null</STRONG> (Thumb, 2 bytes, Stack size unknown bytes, handlers.o(i.__scatterload_null), UNUSED)

<P><STRONG><a name="[53]"></a>__scatterload_zeroinit</STRONG> (Thumb, 14 bytes, Stack size unknown bytes, handlers.o(i.__scatterload_zeroinit), UNUSED)

<P><STRONG><a name="[47]"></a>delay_ms</STRONG> (Thumb, 16 bytes, Stack size 0 bytes, timer.o(i.delay_ms))
<BR><BR>[Called By]<UL><LI><a href="#[1f]">&gt;&gt;</a>&nbsp;&nbsp;&nbsp;main
</UL>

<P><STRONG><a name="[1f]"></a>main</STRONG> (Thumb, 48 bytes, Stack size 0 bytes, main.o(i.main))
<BR><BR>[Stack]<UL><LI>Max Depth = 60<LI>Call Chain = main &rArr; SpeakerInit &rArr; GPIO_ConfigPinAF
</UL>
<BR>[Calls]<UL><LI><a href="#[47]">&gt;&gt;</a>&nbsp;&nbsp;&nbsp;delay_ms
<LI><a href="#[42]">&gt;&gt;</a>&nbsp;&nbsp;&nbsp;TIM6_Config
<LI><a href="#[3f]">&gt;&gt;</a>&nbsp;&nbsp;&nbsp;TIM17_Config
<LI><a href="#[37]">&gt;&gt;</a>&nbsp;&nbsp;&nbsp;SpeakerInit
<LI><a href="#[34]">&gt;&gt;</a>&nbsp;&nbsp;&nbsp;SM16208_Init
<LI><a href="#[30]">&gt;&gt;</a>&nbsp;&nbsp;&nbsp;EnableAllGpio
<LI><a href="#[2d]">&gt;&gt;</a>&nbsp;&nbsp;&nbsp;Audio_Start
</UL>
<BR>[Address Reference Count : 1]<UL><LI> entry9a.o(.ARM.Collect$$$$0000000B)
</UL>
<P><STRONG><a name="[46]"></a>process_key_events</STRONG> (Thumb, 198 bytes, Stack size 24 bytes, sm16208.o(i.process_key_events))
<BR><BR>[Stack]<UL><LI>Max Depth = 24<LI>Call Chain = process_key_events
</UL>
<BR>[Called By]<UL><LI><a href="#[14]">&gt;&gt;</a>&nbsp;&nbsp;&nbsp;TMR6_IRQHandler
</UL>
<P>
<H3>
Local Symbols
</H3>
<P><STRONG><a name="[3e]"></a>SystemClock72M</STRONG> (Thumb, 222 bytes, Stack size 0 bytes, system_apm32e030.o(i.SystemClock72M))
<BR><BR>[Called By]<UL><LI><a href="#[3d]">&gt;&gt;</a>&nbsp;&nbsp;&nbsp;SystemClockConfig
</UL>

<P><STRONG><a name="[3d]"></a>SystemClockConfig</STRONG> (Thumb, 8 bytes, Stack size 8 bytes, system_apm32e030.o(i.SystemClockConfig))
<BR><BR>[Stack]<UL><LI>Max Depth = 8<LI>Call Chain = SystemClockConfig
</UL>
<BR>[Calls]<UL><LI><a href="#[3e]">&gt;&gt;</a>&nbsp;&nbsp;&nbsp;SystemClock72M
</UL>
<BR>[Called By]<UL><LI><a href="#[20]">&gt;&gt;</a>&nbsp;&nbsp;&nbsp;SystemInit
</UL>

<P><STRONG><a name="[33]"></a>__NVIC_SetPriority</STRONG> (Thumb, 110 bytes, Stack size 8 bytes, apm32e030_misc.o(i.__NVIC_SetPriority))
<BR><BR>[Stack]<UL><LI>Max Depth = 8<LI>Call Chain = __NVIC_SetPriority
</UL>
<BR>[Called By]<UL><LI><a href="#[32]">&gt;&gt;</a>&nbsp;&nbsp;&nbsp;NVIC_EnableIRQRequest
</UL>
<P>
<H3>
Undefined Global Symbols
</H3>
<P><STRONG><a name="[25]"></a>__arm_fini_</STRONG> (Unknown, 0 bytes, Stack size 0 bytes, UNDEFINED)
<BR><BR>[Called By]<UL><LI><a href="#[24]">&gt;&gt;</a>&nbsp;&nbsp;&nbsp;__rt_lib_shutdown_fini
</UL>
<HR></body></html>
